<?xml version="1.0" encoding="ISO-8859-1" ?>
<link_info>
   <banner>TMS320C2000 Linker Unix v25.11.0.LTS</banner>
   <copyright>Copyright (c) 1996-2018 Texas Instruments Incorporated</copyright>
   <command_line>/Applications/ti/ccs2050/ccs/tools/compiler/ti-cgt-c2000_25.11.0.LTS/bin/lnk2000 -l/var/tmp/TIcoL9d8BJz</command_line>
   <link_time>0x69d01838</link_time>
   <link_errors>0x0</link_errors>
   <output_file>/Users/arnavsurjan/Library/CloudStorage/OneDrive-TheUniversityofTexasatAustin/UT/ASSIGNMENTS/SeniorDesign/midiocrePiano/SolenoidController/CPU1_RAM/SolenoidController.out</output_file>
   <entry_point>
      <name>code_start</name>
      <address>0x0</address>
   </entry_point>
   <input_file_list>
      <input_file id="fl-2">
         <path>/Users/arnavsurjan/Library/CloudStorage/OneDrive-TheUniversityofTexasatAustin/UT/ASSIGNMENTS/SeniorDesign/midiocrePiano/SolenoidController/CPU1_RAM/./syscfg/</path>
         <kind>object</kind>
         <file>board.obj</file>
         <name>board.obj</name>
      </input_file>
      <input_file id="fl-3">
         <path>/Users/arnavsurjan/Library/CloudStorage/OneDrive-TheUniversityofTexasatAustin/UT/ASSIGNMENTS/SeniorDesign/midiocrePiano/SolenoidController/CPU1_RAM/./syscfg/</path>
         <kind>object</kind>
         <file>device.obj</file>
         <name>device.obj</name>
      </input_file>
      <input_file id="fl-4">
         <path>/Users/arnavsurjan/Library/CloudStorage/OneDrive-TheUniversityofTexasatAustin/UT/ASSIGNMENTS/SeniorDesign/midiocrePiano/SolenoidController/CPU1_RAM/./syscfg/</path>
         <kind>object</kind>
         <file>c2000ware_libraries.obj</file>
         <name>c2000ware_libraries.obj</name>
      </input_file>
      <input_file id="fl-5">
         <path>/Users/arnavsurjan/Library/CloudStorage/OneDrive-TheUniversityofTexasatAustin/UT/ASSIGNMENTS/SeniorDesign/midiocrePiano/SolenoidController/CPU1_RAM/./</path>
         <kind>object</kind>
         <file>f28p55x_codestartbranch.obj</file>
         <name>f28p55x_codestartbranch.obj</name>
      </input_file>
      <input_file id="fl-6">
         <path>/Users/arnavsurjan/Library/CloudStorage/OneDrive-TheUniversityofTexasatAustin/UT/ASSIGNMENTS/SeniorDesign/midiocrePiano/SolenoidController/CPU1_RAM/./</path>
         <kind>object</kind>
         <file>c2000_solenoid_controller.obj</file>
         <name>c2000_solenoid_controller.obj</name>
      </input_file>
      <input_file id="fl-c">
         <path>/Users/arnavsurjan/Library/CloudStorage/OneDrive-TheUniversityofTexasatAustin/UT/ASSIGNMENTS/SeniorDesign/midiocrePiano/SolenoidController/CPU1_RAM/</path>
         <kind>object</kind>
         <file>&lt;internal&gt;</file>
         <name>&lt;internal&gt;</name>
      </input_file>
      <input_file id="fl-d">
         <path>/Applications/ti/c2000/C2000Ware_26_00_00_00/driverlib/f28p55x/driverlib/ccs/Debug/</path>
         <kind>archive</kind>
         <file>driverlib.lib</file>
         <name>dcc.obj</name>
      </input_file>
      <input_file id="fl-e">
         <path>/Applications/ti/c2000/C2000Ware_26_00_00_00/driverlib/f28p55x/driverlib/ccs/Debug/</path>
         <kind>archive</kind>
         <file>driverlib.lib</file>
         <name>gpio.obj</name>
      </input_file>
      <input_file id="fl-f">
         <path>/Applications/ti/c2000/C2000Ware_26_00_00_00/driverlib/f28p55x/driverlib/ccs/Debug/</path>
         <kind>archive</kind>
         <file>driverlib.lib</file>
         <name>interrupt.obj</name>
      </input_file>
      <input_file id="fl-10">
         <path>/Applications/ti/c2000/C2000Ware_26_00_00_00/driverlib/f28p55x/driverlib/ccs/Debug/</path>
         <kind>archive</kind>
         <file>driverlib.lib</file>
         <name>pga.obj</name>
      </input_file>
      <input_file id="fl-11">
         <path>/Applications/ti/c2000/C2000Ware_26_00_00_00/driverlib/f28p55x/driverlib/ccs/Debug/</path>
         <kind>archive</kind>
         <file>driverlib.lib</file>
         <name>sci.obj</name>
      </input_file>
      <input_file id="fl-12">
         <path>/Applications/ti/c2000/C2000Ware_26_00_00_00/driverlib/f28p55x/driverlib/ccs/Debug/</path>
         <kind>archive</kind>
         <file>driverlib.lib</file>
         <name>sysctl.obj</name>
      </input_file>
      <input_file id="fl-1e">
         <path>/Applications/ti/ccs2050/ccs/tools/compiler/ti-cgt-c2000_25.11.0.LTS/lib/</path>
         <kind>archive</kind>
         <file>rts2800_fpu32_eabi.lib</file>
         <name>boot28.asm.obj</name>
      </input_file>
      <input_file id="fl-1f">
         <path>/Applications/ti/ccs2050/ccs/tools/compiler/ti-cgt-c2000_25.11.0.LTS/lib/</path>
         <kind>archive</kind>
         <file>rts2800_fpu32_eabi.lib</file>
         <name>fs_div28.asm.obj</name>
      </input_file>
      <input_file id="fl-20">
         <path>/Applications/ti/ccs2050/ccs/tools/compiler/ti-cgt-c2000_25.11.0.LTS/lib/</path>
         <kind>archive</kind>
         <file>rts2800_fpu32_eabi.lib</file>
         <name>pre_init.c.obj</name>
      </input_file>
      <input_file id="fl-21">
         <path>/Applications/ti/ccs2050/ccs/tools/compiler/ti-cgt-c2000_25.11.0.LTS/lib/</path>
         <kind>archive</kind>
         <file>rts2800_fpu32_eabi.lib</file>
         <name>autoinit.c.obj</name>
      </input_file>
      <input_file id="fl-22">
         <path>/Applications/ti/ccs2050/ccs/tools/compiler/ti-cgt-c2000_25.11.0.LTS/lib/</path>
         <kind>archive</kind>
         <file>rts2800_fpu32_eabi.lib</file>
         <name>copy_zero_init.c.obj</name>
      </input_file>
      <input_file id="fl-23">
         <path>/Applications/ti/ccs2050/ccs/tools/compiler/ti-cgt-c2000_25.11.0.LTS/lib/</path>
         <kind>archive</kind>
         <file>rts2800_fpu32_eabi.lib</file>
         <name>copy_decompress_none.c.obj</name>
      </input_file>
      <input_file id="fl-24">
         <path>/Applications/ti/ccs2050/ccs/tools/compiler/ti-cgt-c2000_25.11.0.LTS/lib/</path>
         <kind>archive</kind>
         <file>rts2800_fpu32_eabi.lib</file>
         <name>copy_decompress_lzss.c.obj</name>
      </input_file>
      <input_file id="fl-25">
         <path>/Applications/ti/ccs2050/ccs/tools/compiler/ti-cgt-c2000_25.11.0.LTS/lib/</path>
         <kind>archive</kind>
         <file>rts2800_fpu32_eabi.lib</file>
         <name>exit.c.obj</name>
      </input_file>
      <input_file id="fl-26">
         <path>/Applications/ti/ccs2050/ccs/tools/compiler/ti-cgt-c2000_25.11.0.LTS/lib/</path>
         <kind>archive</kind>
         <file>rts2800_fpu32_eabi.lib</file>
         <name>_lock.c.obj</name>
      </input_file>
      <input_file id="fl-27">
         <path>/Applications/ti/ccs2050/ccs/tools/compiler/ti-cgt-c2000_25.11.0.LTS/lib/</path>
         <kind>archive</kind>
         <file>rts2800_fpu32_eabi.lib</file>
         <name>args_main.c.obj</name>
      </input_file>
      <input_file id="fl-28">
         <path>/Applications/ti/ccs2050/ccs/tools/compiler/ti-cgt-c2000_25.11.0.LTS/lib/</path>
         <kind>archive</kind>
         <file>rts2800_fpu32_eabi.lib</file>
         <name>memset.c.obj</name>
      </input_file>
      <input_file id="fl-29">
         <path>/Applications/ti/ccs2050/ccs/tools/compiler/ti-cgt-c2000_25.11.0.LTS/lib/</path>
         <kind>archive</kind>
         <file>rts2800_fpu32_eabi.lib</file>
         <name>strcmp.c.obj</name>
      </input_file>
      <input_file id="fl-2a">
         <path>/Applications/ti/ccs2050/ccs/tools/compiler/ti-cgt-c2000_25.11.0.LTS/lib/</path>
         <kind>archive</kind>
         <file>rts2800_fpu32_eabi.lib</file>
         <name>strncmp.c.obj</name>
      </input_file>
      <input_file id="fl-2b">
         <path>/Applications/ti/ccs2050/ccs/tools/compiler/ti-cgt-c2000_25.11.0.LTS/lib/</path>
         <kind>archive</kind>
         <file>rts2800_fpu32_eabi.lib</file>
         <name>strncpy.c.obj</name>
      </input_file>
      <input_file id="fl-2c">
         <path>/Applications/ti/ccs2050/ccs/tools/compiler/ti-cgt-c2000_25.11.0.LTS/lib/</path>
         <kind>archive</kind>
         <file>rts2800_fpu32_eabi.lib</file>
         <name>strtol.c.obj</name>
      </input_file>
      <input_file id="fl-2d">
         <path>/Applications/ti/ccs2050/ccs/tools/compiler/ti-cgt-c2000_25.11.0.LTS/lib/</path>
         <kind>archive</kind>
         <file>rts2800_fpu32_eabi.lib</file>
         <name>errno.c.obj</name>
      </input_file>
      <input_file id="fl-2e">
         <path>/Applications/ti/ccs2050/ccs/tools/compiler/ti-cgt-c2000_25.11.0.LTS/lib/</path>
         <kind>archive</kind>
         <file>rts2800_fpu32_eabi.lib</file>
         <name>cpy_tbl.c.obj</name>
      </input_file>
      <input_file id="fl-2f">
         <path>/Applications/ti/ccs2050/ccs/tools/compiler/ti-cgt-c2000_25.11.0.LTS/lib/</path>
         <kind>archive</kind>
         <file>rts2800_fpu32_eabi.lib</file>
         <name>memcpy.c.obj</name>
      </input_file>
      <input_file id="fl-30">
         <path>/Applications/ti/ccs2050/ccs/tools/compiler/ti-cgt-c2000_25.11.0.LTS/lib/</path>
         <kind>archive</kind>
         <file>rts2800_fpu32_eabi.lib</file>
         <name>startup.c.obj</name>
      </input_file>
      <input_file id="fl-31">
         <path>/Applications/ti/ccs2050/ccs/tools/compiler/ti-cgt-c2000_25.11.0.LTS/lib/</path>
         <kind>archive</kind>
         <file>rts2800_fpu32_eabi.lib</file>
         <name>ctype.c.obj</name>
      </input_file>
   </input_file_list>
   <object_component_list>
      <object_component id="oc-20">
         <name>codestart</name>
         <load_address>0x0</load_address>
         <readonly>true</readonly>
         <executable>true</executable>
         <run_address>0x0</run_address>
         <size>0x2</size>
         <alignment>0x1</alignment>
         <input_file_ref idref="fl-5"/>
      </object_component>
      <object_component id="oc-1d3">
         <name>.text:SysCtl_setClock</name>
         <load_address>0x8000</load_address>
         <readonly>true</readonly>
         <executable>true</executable>
         <run_address>0x8000</run_address>
         <size>0x123</size>
         <alignment>0x1</alignment>
         <input_file_ref idref="fl-12"/>
      </object_component>
      <object_component id="oc-2ca">
         <name>.text:SysCtl_isPLLValid</name>
         <load_address>0x8123</load_address>
         <readonly>true</readonly>
         <executable>true</executable>
         <run_address>0x8123</run_address>
         <size>0xfe</size>
         <alignment>0x1</alignment>
         <input_file_ref idref="fl-12"/>
      </object_component>
      <object_component id="oc-228">
         <name>.text:GPIO_setAnalogMode</name>
         <load_address>0x8221</load_address>
         <readonly>true</readonly>
         <executable>true</executable>
         <run_address>0x8221</run_address>
         <size>0xeb</size>
         <alignment>0x1</alignment>
         <input_file_ref idref="fl-e"/>
      </object_component>
      <object_component id="oc-210">
         <name>.text:Device_enableAllPeripherals</name>
         <load_address>0x830c</load_address>
         <readonly>true</readonly>
         <executable>true</executable>
         <run_address>0x830c</run_address>
         <size>0xd7</size>
         <alignment>0x1</alignment>
         <input_file_ref idref="fl-3"/>
      </object_component>
      <object_component id="oc-2ab">
         <name>.text</name>
         <load_address>0x83e3</load_address>
         <readonly>true</readonly>
         <executable>true</executable>
         <run_address>0x83e3</run_address>
         <size>0xd3</size>
         <alignment>0x1</alignment>
         <input_file_ref idref="fl-2c"/>
      </object_component>
      <object_component id="oc-12b">
         <name>.text:Device_init</name>
         <load_address>0x84b6</load_address>
         <readonly>true</readonly>
         <executable>true</executable>
         <run_address>0x84b6</run_address>
         <size>0xc4</size>
         <alignment>0x1</alignment>
         <input_file_ref idref="fl-3"/>
      </object_component>
      <object_component id="oc-370">
         <name>.text</name>
         <load_address>0x857a</load_address>
         <readonly>true</readonly>
         <executable>true</executable>
         <run_address>0x857a</run_address>
         <size>0x88</size>
         <alignment>0x1</alignment>
         <input_file_ref idref="fl-1f"/>
      </object_component>
      <object_component id="oc-3a5">
         <name>.text:DCC_setCounterSeeds</name>
         <load_address>0x8602</load_address>
         <readonly>true</readonly>
         <executable>true</executable>
         <run_address>0x8602</run_address>
         <size>0x73</size>
         <alignment>0x1</alignment>
         <input_file_ref idref="fl-12"/>
      </object_component>
      <object_component id="oc-1f7">
         <name>.text:SysCtl_getClock</name>
         <load_address>0x8675</load_address>
         <readonly>true</readonly>
         <executable>true</executable>
         <run_address>0x8675</run_address>
         <size>0x65</size>
         <alignment>0x1</alignment>
         <input_file_ref idref="fl-12"/>
      </object_component>
      <object_component id="oc-24a">
         <name>.text:GPIO_setPadConfig</name>
         <load_address>0x86da</load_address>
         <readonly>true</readonly>
         <executable>true</executable>
         <run_address>0x86da</run_address>
         <size>0x52</size>
         <alignment>0x1</alignment>
         <input_file_ref idref="fl-e"/>
      </object_component>
      <object_component id="oc-13d">
         <name>.text:configurePinMux</name>
         <load_address>0x872c</load_address>
         <readonly>true</readonly>
         <executable>true</executable>
         <run_address>0x872c</run_address>
         <size>0x52</size>
         <alignment>0x1</alignment>
         <input_file_ref idref="fl-6"/>
      </object_component>
      <object_component id="oc-280">
         <name>.text:i2cWriteBytes</name>
         <load_address>0x877e</load_address>
         <readonly>true</readonly>
         <executable>true</executable>
         <run_address>0x877e</run_address>
         <size>0x50</size>
         <alignment>0x1</alignment>
         <input_file_ref idref="fl-6"/>
      </object_component>
      <object_component id="oc-244">
         <name>.text:GPIO_setDirectionMode</name>
         <load_address>0x87ce</load_address>
         <readonly>true</readonly>
         <executable>true</executable>
         <run_address>0x87ce</run_address>
         <size>0x31</size>
         <alignment>0x1</alignment>
         <input_file_ref idref="fl-e"/>
      </object_component>
      <object_component id="oc-dd">
         <name>.text</name>
         <load_address>0x87ff</load_address>
         <readonly>true</readonly>
         <executable>true</executable>
         <run_address>0x87ff</run_address>
         <size>0x1</size>
         <alignment>0x1</alignment>
         <input_file_ref idref="fl-30"/>
      </object_component>
      <object_component id="oc-2be">
         <name>.text:SysCtl_selectOscSource</name>
         <load_address>0x8800</load_address>
         <readonly>true</readonly>
         <executable>true</executable>
         <run_address>0x8800</run_address>
         <size>0x47</size>
         <alignment>0x1</alignment>
         <input_file_ref idref="fl-12"/>
      </object_component>
      <object_component id="oc-362">
         <name>.text:SysCtl_selectXTAL</name>
         <load_address>0x8847</load_address>
         <readonly>true</readonly>
         <executable>true</executable>
         <run_address>0x8847</run_address>
         <size>0x46</size>
         <alignment>0x1</alignment>
         <input_file_ref idref="fl-12"/>
      </object_component>
      <object_component id="oc-10b">
         <name>.text:executeCommand</name>
         <load_address>0x888d</load_address>
         <readonly>true</readonly>
         <executable>true</executable>
         <run_address>0x888d</run_address>
         <size>0x45</size>
         <alignment>0x1</alignment>
         <input_file_ref idref="fl-6"/>
      </object_component>
      <object_component id="oc-21c">
         <name>.text:PGA_setOffsetTrimPMOS</name>
         <load_address>0x88d2</load_address>
         <readonly>true</readonly>
         <executable>true</executable>
         <run_address>0x88d2</run_address>
         <size>0x44</size>
         <alignment>0x1</alignment>
         <input_file_ref idref="fl-10"/>
      </object_component>
      <object_component id="oc-216">
         <name>.text:PGA_setOffsetTrimNMOS</name>
         <load_address>0x8916</load_address>
         <readonly>true</readonly>
         <executable>true</executable>
         <run_address>0x8916</run_address>
         <size>0x41</size>
         <alignment>0x1</alignment>
         <input_file_ref idref="fl-10"/>
      </object_component>
      <object_component id="oc-3d8">
         <name>.text:SysCtl_pollX1Counter</name>
         <load_address>0x8957</load_address>
         <readonly>true</readonly>
         <executable>true</executable>
         <run_address>0x8957</run_address>
         <size>0x40</size>
         <alignment>0x1</alignment>
         <input_file_ref idref="fl-12"/>
      </object_component>
      <object_component id="oc-f2">
         <name>.text:initPeripherals</name>
         <load_address>0x8997</load_address>
         <readonly>true</readonly>
         <executable>true</executable>
         <run_address>0x8997</run_address>
         <size>0x3f</size>
         <alignment>0x1</alignment>
         <input_file_ref idref="fl-6"/>
      </object_component>
      <object_component id="oc-149">
         <name>.text:SCI_setConfig</name>
         <load_address>0x89d6</load_address>
         <readonly>true</readonly>
         <executable>true</executable>
         <run_address>0x89d6</run_address>
         <size>0x3e</size>
         <alignment>0x1</alignment>
         <input_file_ref idref="fl-11"/>
      </object_component>
      <object_component id="oc-137">
         <name>.text:Interrupt_initModule</name>
         <load_address>0x8a14</load_address>
         <readonly>true</readonly>
         <executable>true</executable>
         <run_address>0x8a14</run_address>
         <size>0x3d</size>
         <alignment>0x1</alignment>
         <input_file_ref idref="fl-f"/>
      </object_component>
      <object_component id="oc-105">
         <name>.text:readLine</name>
         <load_address>0x8a51</load_address>
         <readonly>true</readonly>
         <executable>true</executable>
         <run_address>0x8a51</run_address>
         <size>0x39</size>
         <alignment>0x1</alignment>
         <input_file_ref idref="fl-6"/>
      </object_component>
      <object_component id="oc-23e">
         <name>.text:GPIO_setPinConfig</name>
         <load_address>0x8a8a</load_address>
         <readonly>true</readonly>
         <executable>true</executable>
         <run_address>0x8a8a</run_address>
         <size>0x37</size>
         <alignment>0x1</alignment>
         <input_file_ref idref="fl-e"/>
      </object_component>
      <object_component id="oc-250">
         <name>.text:GPIO_setQualificationMode</name>
         <load_address>0x8ac1</load_address>
         <readonly>true</readonly>
         <executable>true</executable>
         <run_address>0x8ac1</run_address>
         <size>0x37</size>
         <alignment>0x1</alignment>
         <input_file_ref idref="fl-e"/>
      </object_component>
      <object_component id="oc-1aa">
         <name>.text:parseChannelArg</name>
         <load_address>0x8af8</load_address>
         <readonly>true</readonly>
         <executable>true</executable>
         <run_address>0x8af8</run_address>
         <size>0x30</size>
         <alignment>0x1</alignment>
         <input_file_ref idref="fl-6"/>
      </object_component>
      <object_component id="oc-13">
         <name>.text:decompress:lzss</name>
         <load_address>0x8b28</load_address>
         <readonly>true</readonly>
         <executable>true</executable>
         <run_address>0x8b28</run_address>
         <size>0x2e</size>
         <alignment>0x1</alignment>
         <input_file_ref idref="fl-24"/>
      </object_component>
      <object_component id="oc-f8">
         <name>.text:pcaInit</name>
         <load_address>0x8b56</load_address>
         <readonly>true</readonly>
         <executable>true</executable>
         <run_address>0x8b56</run_address>
         <size>0x2e</size>
         <alignment>0x1</alignment>
         <input_file_ref idref="fl-6"/>
      </object_component>
      <object_component id="oc-2f6">
         <name>.text:GPIO_isPinValid</name>
         <load_address>0x8b84</load_address>
         <readonly>true</readonly>
         <executable>true</executable>
         <run_address>0x8b84</run_address>
         <size>0x2c</size>
         <alignment>0x1</alignment>
         <input_file_ref idref="fl-e"/>
      </object_component>
      <object_component id="oc-9a">
         <name>.text:__TI_auto_init_nobinit_nopinit</name>
         <load_address>0x8bb0</load_address>
         <readonly>true</readonly>
         <executable>true</executable>
         <run_address>0x8bb0</run_address>
         <size>0x2b</size>
         <alignment>0x1</alignment>
         <input_file_ref idref="fl-21"/>
      </object_component>
      <object_component id="oc-1eb">
         <name>.text:SysCtl_setMCANClk</name>
         <load_address>0x8bdb</load_address>
         <readonly>true</readonly>
         <executable>true</executable>
         <run_address>0x8bdb</run_address>
         <size>0x29</size>
         <alignment>0x1</alignment>
         <input_file_ref idref="fl-3"/>
      </object_component>
      <object_component id="oc-8e">
         <name>.text</name>
         <load_address>0x8c04</load_address>
         <readonly>true</readonly>
         <executable>true</executable>
         <run_address>0x8c04</run_address>
         <size>0x29</size>
         <alignment>0x1</alignment>
         <input_file_ref idref="fl-25"/>
      </object_component>
      <object_component id="oc-368">
         <name>.text:SysCtl_selectXTALSingleEnded</name>
         <load_address>0x8c2d</load_address>
         <readonly>true</readonly>
         <executable>true</executable>
         <run_address>0x8c2d</run_address>
         <size>0x25</size>
         <alignment>0x1</alignment>
         <input_file_ref idref="fl-12"/>
      </object_component>
      <object_component id="oc-3ab">
         <name>.text:DCC_enableSingleShotMode</name>
         <load_address>0x8c52</load_address>
         <readonly>true</readonly>
         <executable>true</executable>
         <run_address>0x8c52</run_address>
         <size>0x24</size>
         <alignment>0x1</alignment>
         <input_file_ref idref="fl-12"/>
      </object_component>
      <object_component id="oc-28a">
         <name>.text:pcaSetPWM</name>
         <load_address>0x8c76</load_address>
         <readonly>true</readonly>
         <executable>true</executable>
         <run_address>0x8c76</run_address>
         <size>0x23</size>
         <alignment>0x1</alignment>
         <input_file_ref idref="fl-6"/>
      </object_component>
      <object_component id="oc-40">
         <name>.text</name>
         <load_address>0x8c99</load_address>
         <readonly>true</readonly>
         <executable>true</executable>
         <run_address>0x8c99</run_address>
         <size>0x20</size>
         <alignment>0x1</alignment>
         <input_file_ref idref="fl-2f"/>
      </object_component>
      <object_component id="oc-399">
         <name>.text:DCC_setCounter0ClkSource</name>
         <load_address>0x8cb9</load_address>
         <readonly>true</readonly>
         <executable>true</executable>
         <run_address>0x8cb9</run_address>
         <size>0x1e</size>
         <alignment>0x1</alignment>
         <input_file_ref idref="fl-12"/>
      </object_component>
      <object_component id="oc-39f">
         <name>.text:DCC_setCounter1ClkSource</name>
         <load_address>0x8cd7</load_address>
         <readonly>true</readonly>
         <executable>true</executable>
         <run_address>0x8cd7</run_address>
         <size>0x1e</size>
         <alignment>0x1</alignment>
         <input_file_ref idref="fl-12"/>
      </object_component>
      <object_component id="oc-307">
         <name>.text:I2C_isBusBusy</name>
         <load_address>0x8cf5</load_address>
         <readonly>true</readonly>
         <executable>true</executable>
         <run_address>0x8cf5</run_address>
         <size>0x1e</size>
         <alignment>0x1</alignment>
         <input_file_ref idref="fl-6"/>
      </object_component>
      <object_component id="oc-26">
         <name>.text:Interrupt_initVectorTable</name>
         <load_address>0x8d13</load_address>
         <readonly>true</readonly>
         <executable>true</executable>
         <run_address>0x8d13</run_address>
         <size>0x1e</size>
         <alignment>0x1</alignment>
         <input_file_ref idref="fl-f"/>
      </object_component>
      <object_component id="oc-ca">
         <name>.text:main</name>
         <load_address>0x8d31</load_address>
         <readonly>true</readonly>
         <executable>true</executable>
         <run_address>0x8d31</run_address>
         <size>0x1d</size>
         <alignment>0x1</alignment>
         <input_file_ref idref="fl-6"/>
      </object_component>
      <object_component id="oc-313">
         <name>.text:I2C_setTargetAddress</name>
         <load_address>0x8d4e</load_address>
         <readonly>true</readonly>
         <executable>true</executable>
         <run_address>0x8d4e</run_address>
         <size>0x1b</size>
         <alignment>0x1</alignment>
         <input_file_ref idref="fl-6"/>
      </object_component>
      <object_component id="oc-1e5">
         <name>.text:SysCtl_setCLBClkDivider</name>
         <load_address>0x8d69</load_address>
         <readonly>true</readonly>
         <executable>true</executable>
         <run_address>0x8d69</run_address>
         <size>0x1b</size>
         <alignment>0x1</alignment>
         <input_file_ref idref="fl-3"/>
      </object_component>
      <object_component id="oc-131">
         <name>.text:Device_initGPIO</name>
         <load_address>0x8d84</load_address>
         <readonly>true</readonly>
         <executable>true</executable>
         <run_address>0x8d84</run_address>
         <size>0x1a</size>
         <alignment>0x1</alignment>
         <input_file_ref idref="fl-3"/>
      </object_component>
      <object_component id="oc-331">
         <name>.text:I2C_getStopConditionStatus</name>
         <load_address>0x8d9e</load_address>
         <readonly>true</readonly>
         <executable>true</executable>
         <run_address>0x8d9e</run_address>
         <size>0x1a</size>
         <alignment>0x1</alignment>
         <input_file_ref idref="fl-6"/>
      </object_component>
      <object_component id="oc-167">
         <name>.text:I2C_setAddressMode</name>
         <load_address>0x8db8</load_address>
         <readonly>true</readonly>
         <executable>true</executable>
         <run_address>0x8db8</run_address>
         <size>0x1a</size>
         <alignment>0x1</alignment>
         <input_file_ref idref="fl-6"/>
      </object_component>
      <object_component id="oc-161">
         <name>.text:I2C_setBitCount</name>
         <load_address>0x8dd2</load_address>
         <readonly>true</readonly>
         <executable>true</executable>
         <run_address>0x8dd2</run_address>
         <size>0x1a</size>
         <alignment>0x1</alignment>
         <input_file_ref idref="fl-6"/>
      </object_component>
      <object_component id="oc-30d">
         <name>.text:I2C_setConfig</name>
         <load_address>0x8dec</load_address>
         <readonly>true</readonly>
         <executable>true</executable>
         <run_address>0x8dec</run_address>
         <size>0x1a</size>
         <alignment>0x1</alignment>
         <input_file_ref idref="fl-6"/>
      </object_component>
      <object_component id="oc-16d">
         <name>.text:I2C_setEmulationMode</name>
         <load_address>0x8e06</load_address>
         <readonly>true</readonly>
         <executable>true</executable>
         <run_address>0x8e06</run_address>
         <size>0x1a</size>
         <alignment>0x1</alignment>
         <input_file_ref idref="fl-6"/>
      </object_component>
      <object_component id="oc-34c">
         <name>.text:SCI_isDataAvailableNonFIFO</name>
         <load_address>0x8e20</load_address>
         <readonly>true</readonly>
         <executable>true</executable>
         <run_address>0x8e20</run_address>
         <size>0x1a</size>
         <alignment>0x1</alignment>
         <input_file_ref idref="fl-6"/>
      </object_component>
      <object_component id="oc-204">
         <name>.text:SysCtl_getLowSpeedClock</name>
         <load_address>0x8e3a</load_address>
         <readonly>true</readonly>
         <executable>true</executable>
         <run_address>0x8e3a</run_address>
         <size>0x1a</size>
         <alignment>0x1</alignment>
         <input_file_ref idref="fl-12"/>
      </object_component>
      <object_component id="oc-291">
         <name>.text:SCI_writeCharBlockingFIFO</name>
         <load_address>0x8e54</load_address>
         <readonly>true</readonly>
         <executable>true</executable>
         <run_address>0x8e54</run_address>
         <size>0x19</size>
         <alignment>0x1</alignment>
         <input_file_ref idref="fl-6"/>
      </object_component>
      <object_component id="oc-2c4">
         <name>.text:SysCtl_setPLLSysClk</name>
         <load_address>0x8e6d</load_address>
         <readonly>true</readonly>
         <executable>true</executable>
         <run_address>0x8e6d</run_address>
         <size>0x19</size>
         <alignment>0x1</alignment>
         <input_file_ref idref="fl-12"/>
      </object_component>
      <object_component id="oc-265">
         <name>.text:SCI_disableModule</name>
         <load_address>0x8e86</load_address>
         <readonly>true</readonly>
         <executable>true</executable>
         <run_address>0x8e86</run_address>
         <size>0x18</size>
         <alignment>0x1</alignment>
         <input_file_ref idref="fl-11"/>
      </object_component>
      <object_component id="oc-143">
         <name>.text:SCI_performSoftwareReset</name>
         <load_address>0x8e9e</load_address>
         <readonly>true</readonly>
         <executable>true</executable>
         <run_address>0x8e9e</run_address>
         <size>0x18</size>
         <alignment>0x1</alignment>
         <input_file_ref idref="fl-6"/>
      </object_component>
      <object_component id="oc-155">
         <name>.text:SCI_resetChannels</name>
         <load_address>0x8eb6</load_address>
         <readonly>true</readonly>
         <executable>true</executable>
         <run_address>0x8eb6</run_address>
         <size>0x18</size>
         <alignment>0x1</alignment>
         <input_file_ref idref="fl-6"/>
      </object_component>
      <object_component id="oc-2e2">
         <name>.text:PGA_isBaseValid</name>
         <load_address>0x8ece</load_address>
         <readonly>true</readonly>
         <executable>true</executable>
         <run_address>0x8ece</run_address>
         <size>0x17</size>
         <alignment>0x1</alignment>
         <input_file_ref idref="fl-10"/>
      </object_component>
      <object_component id="oc-257">
         <name>.text:SCI_isBaseValid</name>
         <load_address>0x8ee5</load_address>
         <readonly>true</readonly>
         <executable>true</executable>
         <run_address>0x8ee5</run_address>
         <size>0x17</size>
         <alignment>0x1</alignment>
         <input_file_ref idref="fl-6"/>
      </object_component>
      <object_component id="oc-25e">
         <name>.text:SCI_isBaseValid</name>
         <load_address>0x8efc</load_address>
         <readonly>true</readonly>
         <executable>true</executable>
         <run_address>0x8efc</run_address>
         <size>0x17</size>
         <alignment>0x1</alignment>
         <input_file_ref idref="fl-11"/>
      </object_component>
      <object_component id="oc-2db">
         <name>.text:SysCtl_enablePeripheral</name>
         <load_address>0x8f13</load_address>
         <readonly>true</readonly>
         <executable>true</executable>
         <run_address>0x8f13</run_address>
         <size>0x17</size>
         <alignment>0x1</alignment>
         <input_file_ref idref="fl-3"/>
      </object_component>
      <object_component id="oc-375">
         <name>.text:SysCtl_enablePeripheral</name>
         <load_address>0x8f2a</load_address>
         <readonly>true</readonly>
         <executable>true</executable>
         <run_address>0x8f2a</run_address>
         <size>0x17</size>
         <alignment>0x1</alignment>
         <input_file_ref idref="fl-12"/>
      </object_component>
      <object_component id="oc-70">
         <name>.text</name>
         <load_address>0x8f41</load_address>
         <readonly>true</readonly>
         <executable>true</executable>
         <run_address>0x8f41</run_address>
         <size>0x17</size>
         <alignment>0x1</alignment>
         <input_file_ref idref="fl-1e"/>
      </object_component>
      <object_component id="oc-393">
         <name>.text:DCC_disableDoneSignal</name>
         <load_address>0x8f58</load_address>
         <readonly>true</readonly>
         <executable>true</executable>
         <run_address>0x8f58</run_address>
         <size>0x16</size>
         <alignment>0x1</alignment>
         <input_file_ref idref="fl-12"/>
      </object_component>
      <object_component id="oc-25">
         <name>.text:Interrupt_defaultHandler</name>
         <load_address>0x8f6e</load_address>
         <readonly>true</readonly>
         <executable>true</executable>
         <run_address>0x8f6e</run_address>
         <size>0x16</size>
         <alignment>0x1</alignment>
         <input_file_ref idref="fl-f"/>
      </object_component>
      <object_component id="oc-2a0">
         <name>.text:SCI_readCharBlockingNonFIFO</name>
         <load_address>0x8f84</load_address>
         <readonly>true</readonly>
         <executable>true</executable>
         <run_address>0x8f84</run_address>
         <size>0x16</size>
         <alignment>0x1</alignment>
         <input_file_ref idref="fl-6"/>
      </object_component>
      <object_component id="oc-1df">
         <name>.text:SysCtl_setLINAClockDivider</name>
         <load_address>0x8f9a</load_address>
         <readonly>true</readonly>
         <executable>true</executable>
         <run_address>0x8f9a</run_address>
         <size>0x16</size>
         <alignment>0x1</alignment>
         <input_file_ref idref="fl-3"/>
      </object_component>
      <object_component id="oc-1a4">
         <name>.text</name>
         <load_address>0x8fb0</load_address>
         <readonly>true</readonly>
         <executable>true</executable>
         <run_address>0x8fb0</run_address>
         <size>0x16</size>
         <alignment>0x1</alignment>
         <input_file_ref idref="fl-2a"/>
      </object_component>
      <object_component id="oc-381">
         <name>.text:DCC_clearDoneFlag</name>
         <load_address>0x8fc6</load_address>
         <readonly>true</readonly>
         <executable>true</executable>
         <run_address>0x8fc6</run_address>
         <size>0x15</size>
         <alignment>0x1</alignment>
         <input_file_ref idref="fl-12"/>
      </object_component>
      <object_component id="oc-37b">
         <name>.text:DCC_clearErrorFlag</name>
         <load_address>0x8fdb</load_address>
         <readonly>true</readonly>
         <executable>true</executable>
         <run_address>0x8fdb</run_address>
         <size>0x15</size>
         <alignment>0x1</alignment>
         <input_file_ref idref="fl-12"/>
      </object_component>
      <object_component id="oc-337">
         <name>.text:I2C_getStatus</name>
         <load_address>0x8ff0</load_address>
         <readonly>true</readonly>
         <executable>true</executable>
         <run_address>0x8ff0</run_address>
         <size>0x10</size>
         <alignment>0x1</alignment>
         <input_file_ref idref="fl-6"/>
      </object_component>
      <object_component id="oc-38d">
         <name>.text:DCC_disableErrorSignal</name>
         <load_address>0x9000</load_address>
         <readonly>true</readonly>
         <executable>true</executable>
         <run_address>0x9000</run_address>
         <size>0x15</size>
         <alignment>0x1</alignment>
         <input_file_ref idref="fl-12"/>
      </object_component>
      <object_component id="oc-3e8">
         <name>.text:DCC_isBaseValid</name>
         <load_address>0x9015</load_address>
         <readonly>true</readonly>
         <executable>true</executable>
         <run_address>0x9015</run_address>
         <size>0x15</size>
         <alignment>0x1</alignment>
         <input_file_ref idref="fl-12"/>
      </object_component>
      <object_component id="oc-230">
         <name>.text:GPIO_unlockPortConfig</name>
         <load_address>0x902a</load_address>
         <readonly>true</readonly>
         <executable>true</executable>
         <run_address>0x902a</run_address>
         <size>0x15</size>
         <alignment>0x1</alignment>
         <input_file_ref idref="fl-3"/>
      </object_component>
      <object_component id="oc-191">
         <name>.text</name>
         <load_address>0x903f</load_address>
         <readonly>true</readonly>
         <executable>true</executable>
         <run_address>0x903f</run_address>
         <size>0x15</size>
         <alignment>0x1</alignment>
         <input_file_ref idref="fl-2b"/>
      </object_component>
      <object_component id="oc-387">
         <name>.text:DCC_disableModule</name>
         <load_address>0x9054</load_address>
         <readonly>true</readonly>
         <executable>true</executable>
         <run_address>0x9054</run_address>
         <size>0x14</size>
         <alignment>0x1</alignment>
         <input_file_ref idref="fl-12"/>
      </object_component>
      <object_component id="oc-3b1">
         <name>.text:DCC_enableModule</name>
         <load_address>0x9068</load_address>
         <readonly>true</readonly>
         <executable>true</executable>
         <run_address>0x9068</run_address>
         <size>0x14</size>
         <alignment>0x1</alignment>
         <input_file_ref idref="fl-12"/>
      </object_component>
      <object_component id="oc-31f">
         <name>.text:I2C_putData</name>
         <load_address>0x907c</load_address>
         <readonly>true</readonly>
         <executable>true</executable>
         <run_address>0x907c</run_address>
         <size>0x14</size>
         <alignment>0x1</alignment>
         <input_file_ref idref="fl-6"/>
      </object_component>
      <object_component id="oc-341">
         <name>.text:SCI_getTxFIFOStatus</name>
         <load_address>0x9090</load_address>
         <readonly>true</readonly>
         <executable>true</executable>
         <run_address>0x9090</run_address>
         <size>0x14</size>
         <alignment>0x1</alignment>
         <input_file_ref idref="fl-6"/>
      </object_component>
      <object_component id="oc-15b">
         <name>.text:I2C_disableModule</name>
         <load_address>0x90a4</load_address>
         <readonly>true</readonly>
         <executable>true</executable>
         <run_address>0x90a4</run_address>
         <size>0x13</size>
         <alignment>0x1</alignment>
         <input_file_ref idref="fl-6"/>
      </object_component>
      <object_component id="oc-173">
         <name>.text:I2C_enableModule</name>
         <load_address>0x90b7</load_address>
         <readonly>true</readonly>
         <executable>true</executable>
         <run_address>0x90b7</run_address>
         <size>0x13</size>
         <alignment>0x1</alignment>
         <input_file_ref idref="fl-6"/>
      </object_component>
      <object_component id="oc-275">
         <name>.text:I2C_isBaseValid</name>
         <load_address>0x90ca</load_address>
         <readonly>true</readonly>
         <executable>true</executable>
         <run_address>0x90ca</run_address>
         <size>0x13</size>
         <alignment>0x1</alignment>
         <input_file_ref idref="fl-6"/>
      </object_component>
      <object_component id="oc-325">
         <name>.text:I2C_sendStartCondition</name>
         <load_address>0x90dd</load_address>
         <readonly>true</readonly>
         <executable>true</executable>
         <run_address>0x90dd</run_address>
         <size>0x13</size>
         <alignment>0x1</alignment>
         <input_file_ref idref="fl-6"/>
      </object_component>
      <object_component id="oc-32b">
         <name>.text:I2C_sendStopCondition</name>
         <load_address>0x90f0</load_address>
         <readonly>true</readonly>
         <executable>true</executable>
         <run_address>0x90f0</run_address>
         <size>0x13</size>
         <alignment>0x1</alignment>
         <input_file_ref idref="fl-6"/>
      </object_component>
      <object_component id="oc-14f">
         <name>.text:SCI_enableModule</name>
         <load_address>0x9103</load_address>
         <readonly>true</readonly>
         <executable>true</executable>
         <run_address>0x9103</run_address>
         <size>0x13</size>
         <alignment>0x1</alignment>
         <input_file_ref idref="fl-6"/>
      </object_component>
      <object_component id="oc-26b">
         <name>.text:SCI_enableModule</name>
         <load_address>0x9116</load_address>
         <readonly>true</readonly>
         <executable>true</executable>
         <run_address>0x9116</run_address>
         <size>0x13</size>
         <alignment>0x1</alignment>
         <input_file_ref idref="fl-11"/>
      </object_component>
      <object_component id="oc-1f1">
         <name>.text:SysCtl_setNPUClockDivider</name>
         <load_address>0x9129</load_address>
         <readonly>true</readonly>
         <executable>true</executable>
         <run_address>0x9129</run_address>
         <size>0x13</size>
         <alignment>0x1</alignment>
         <input_file_ref idref="fl-3"/>
      </object_component>
      <object_component id="oc-181">
         <name>.text:allNotesOff</name>
         <load_address>0x913c</load_address>
         <readonly>true</readonly>
         <executable>true</executable>
         <run_address>0x913c</run_address>
         <size>0x13</size>
         <alignment>0x1</alignment>
         <input_file_ref idref="fl-6"/>
      </object_component>
      <object_component id="oc-197">
         <name>.text:uartTryReadChar</name>
         <load_address>0x914f</load_address>
         <readonly>true</readonly>
         <executable>true</executable>
         <run_address>0x914f</run_address>
         <size>0x13</size>
         <alignment>0x1</alignment>
         <input_file_ref idref="fl-6"/>
      </object_component>
      <object_component id="oc-319">
         <name>.text:I2C_setDataCount</name>
         <load_address>0x9162</load_address>
         <readonly>true</readonly>
         <executable>true</executable>
         <run_address>0x9162</run_address>
         <size>0x12</size>
         <alignment>0x1</alignment>
         <input_file_ref idref="fl-6"/>
      </object_component>
      <object_component id="oc-88">
         <name>.text</name>
         <load_address>0x9174</load_address>
         <readonly>true</readonly>
         <executable>true</executable>
         <run_address>0x9174</run_address>
         <size>0x12</size>
         <alignment>0x1</alignment>
         <input_file_ref idref="fl-27"/>
      </object_component>
      <object_component id="oc-29a">
         <name>.text:SCI_getRxStatus</name>
         <load_address>0x9186</load_address>
         <readonly>true</readonly>
         <executable>true</executable>
         <run_address>0x9186</run_address>
         <size>0x10</size>
         <alignment>0x1</alignment>
         <input_file_ref idref="fl-6"/>
      </object_component>
      <object_component id="oc-237">
         <name>.text:Interrupt_disableGlobal</name>
         <load_address>0x9196</load_address>
         <readonly>true</readonly>
         <executable>true</executable>
         <run_address>0x9196</run_address>
         <size>0xd</size>
         <alignment>0x1</alignment>
         <input_file_ref idref="fl-f"/>
      </object_component>
      <object_component id="oc-1d9">
         <name>.text:SysCtl_setLowSpeedClock</name>
         <load_address>0x91a3</load_address>
         <readonly>true</readonly>
         <executable>true</executable>
         <run_address>0x91a3</run_address>
         <size>0xd</size>
         <alignment>0x1</alignment>
         <input_file_ref idref="fl-3"/>
      </object_component>
      <object_component id="oc-48">
         <name>.text:decompress:ZI:__TI_zero_init_nomemset</name>
         <load_address>0x91b0</load_address>
         <readonly>true</readonly>
         <executable>true</executable>
         <run_address>0x91b0</run_address>
         <size>0xd</size>
         <alignment>0x1</alignment>
         <input_file_ref idref="fl-22"/>
      </object_component>
      <object_component id="oc-1b0">
         <name>.text:noteOn</name>
         <load_address>0x91bd</load_address>
         <readonly>true</readonly>
         <executable>true</executable>
         <run_address>0x91bd</run_address>
         <size>0xd</size>
         <alignment>0x1</alignment>
         <input_file_ref idref="fl-6"/>
      </object_component>
      <object_component id="oc-1b6">
         <name>.text:noteOff</name>
         <load_address>0x91ca</load_address>
         <readonly>true</readonly>
         <executable>true</executable>
         <run_address>0x91ca</run_address>
         <size>0xc</size>
         <alignment>0x1</alignment>
         <input_file_ref idref="fl-6"/>
      </object_component>
      <object_component id="oc-ff">
         <name>.text:uartWriteString</name>
         <load_address>0x91d6</load_address>
         <readonly>true</readonly>
         <executable>true</executable>
         <run_address>0x91d6</run_address>
         <size>0xc</size>
         <alignment>0x1</alignment>
         <input_file_ref idref="fl-6"/>
      </object_component>
      <object_component id="oc-1cd">
         <name>.text:SysCtl_disableWatchdog</name>
         <load_address>0x91e2</load_address>
         <readonly>true</readonly>
         <executable>true</executable>
         <run_address>0x91e2</run_address>
         <size>0xb</size>
         <alignment>0x1</alignment>
         <input_file_ref idref="fl-3"/>
      </object_component>
      <object_component id="oc-2b8">
         <name>.text:SysCtl_isMCDClockFailureDetected</name>
         <load_address>0x91ed</load_address>
         <readonly>true</readonly>
         <executable>true</executable>
         <run_address>0x91ed</run_address>
         <size>0xb</size>
         <alignment>0x1</alignment>
         <input_file_ref idref="fl-12"/>
      </object_component>
      <object_component id="oc-17a">
         <name>.text:pcaWriteReg</name>
         <load_address>0x91f8</load_address>
         <readonly>true</readonly>
         <executable>true</executable>
         <run_address>0x91f8</run_address>
         <size>0xb</size>
         <alignment>0x1</alignment>
         <input_file_ref idref="fl-6"/>
      </object_component>
      <object_component id="oc-31">
         <name>.text:Interrupt_illegalOperationHandler</name>
         <load_address>0x9203</load_address>
         <readonly>true</readonly>
         <executable>true</executable>
         <run_address>0x9203</run_address>
         <size>0xa</size>
         <alignment>0x1</alignment>
         <input_file_ref idref="fl-f"/>
      </object_component>
      <object_component id="oc-37">
         <name>.text:Interrupt_nmiHandler</name>
         <load_address>0x920d</load_address>
         <readonly>true</readonly>
         <executable>true</executable>
         <run_address>0x920d</run_address>
         <size>0xa</size>
         <alignment>0x1</alignment>
         <input_file_ref idref="fl-f"/>
      </object_component>
      <object_component id="oc-19e">
         <name>.text</name>
         <load_address>0x9217</load_address>
         <readonly>true</readonly>
         <executable>true</executable>
         <run_address>0x9217</run_address>
         <size>0xa</size>
         <alignment>0x1</alignment>
         <input_file_ref idref="fl-29"/>
      </object_component>
      <object_component id="oc-118">
         <name>.text</name>
         <load_address>0x9221</load_address>
         <readonly>true</readonly>
         <executable>true</executable>
         <run_address>0x9221</run_address>
         <size>0x9</size>
         <alignment>0x1</alignment>
         <input_file_ref idref="fl-26"/>
      </object_component>
      <object_component id="oc-188">
         <name>.text:uartWriteChar</name>
         <load_address>0x922a</load_address>
         <readonly>true</readonly>
         <executable>true</executable>
         <run_address>0x922a</run_address>
         <size>0x9</size>
         <alignment>0x1</alignment>
         <input_file_ref idref="fl-6"/>
      </object_component>
      <object_component id="oc-19">
         <name>.text:decompress:none</name>
         <load_address>0x9233</load_address>
         <readonly>true</readonly>
         <executable>true</executable>
         <run_address>0x9233</run_address>
         <size>0x8</size>
         <alignment>0x1</alignment>
         <input_file_ref idref="fl-23"/>
      </object_component>
      <object_component id="oc-54">
         <name>.text</name>
         <load_address>0x923b</load_address>
         <readonly>true</readonly>
         <executable>true</executable>
         <run_address>0x923b</run_address>
         <size>0x8</size>
         <alignment>0x1</alignment>
         <input_file_ref idref="fl-5"/>
      </object_component>
      <object_component id="oc-222">
         <name>.text:ASysCtl_lockVREG</name>
         <load_address>0x9243</load_address>
         <readonly>true</readonly>
         <executable>true</executable>
         <run_address>0x9243</run_address>
         <size>0x7</size>
         <alignment>0x1</alignment>
         <input_file_ref idref="fl-3"/>
      </object_component>
      <object_component id="oc-3de">
         <name>.text:SysCtl_resetMCD</name>
         <load_address>0x924a</load_address>
         <readonly>true</readonly>
         <executable>true</executable>
         <run_address>0x924a</run_address>
         <size>0x7</size>
         <alignment>0x1</alignment>
         <input_file_ref idref="fl-12"/>
      </object_component>
      <object_component id="oc-1fe">
         <name>.text:__error__</name>
         <load_address>0x9251</load_address>
         <readonly>true</readonly>
         <executable>true</executable>
         <run_address>0x9251</run_address>
         <size>0x7</size>
         <alignment>0x1</alignment>
         <input_file_ref idref="fl-3"/>
      </object_component>
      <object_component id="oc-20a">
         <name>.text:SysCtl_deviceCal</name>
         <load_address>0x9258</load_address>
         <readonly>true</readonly>
         <executable>true</executable>
         <run_address>0x9258</run_address>
         <size>0x4</size>
         <alignment>0x1</alignment>
         <input_file_ref idref="fl-3"/>
      </object_component>
      <object_component id="oc-81">
         <name>.text</name>
         <load_address>0x925c</load_address>
         <readonly>true</readonly>
         <executable>true</executable>
         <run_address>0x925c</run_address>
         <size>0x2</size>
         <alignment>0x1</alignment>
         <input_file_ref idref="fl-20"/>
      </object_component>
      <object_component id="oc-42a">
         <name>.cinit..data.load</name>
         <load_address>0x12c</load_address>
         <readonly>true</readonly>
         <run_address>0x12c</run_address>
         <size>0x9</size>
         <alignment>0x1</alignment>
      </object_component>
      <object_component id="oc-427">
         <name>__TI_handler_table</name>
         <load_address>0x136</load_address>
         <readonly>true</readonly>
         <run_address>0x136</run_address>
         <size>0x6</size>
         <alignment>0x2</alignment>
      </object_component>
      <object_component id="oc-429">
         <name>.cinit..bss.load</name>
         <load_address>0x13c</load_address>
         <readonly>true</readonly>
         <run_address>0x13c</run_address>
         <size>0x4</size>
         <alignment>0x2</alignment>
      </object_component>
      <object_component id="oc-428">
         <name>__TI_cinit_table</name>
         <load_address>0x140</load_address>
         <readonly>true</readonly>
         <run_address>0x140</run_address>
         <size>0x8</size>
         <alignment>0x2</alignment>
      </object_component>
      <object_component id="oc-3d">
         <name>.stack</name>
         <uninitialized>true</uninitialized>
         <readwrite>true</readwrite>
         <run_address>0x400</run_address>
         <size>0x0</size>
         <alignment>0x1</alignment>
         <input_file_ref idref="fl-1e"/>
      </object_component>
      <object_component id="oc-42b">
         <name>.stack</name>
         <uninitialized>true</uninitialized>
         <readwrite>true</readwrite>
         <run_address>0x400</run_address>
         <size>0x0</size>
         <alignment>0x2</alignment>
      </object_component>
      <object_component id="oc-190">
         <name>.bss:rxBuf$1</name>
         <uninitialized>true</uninitialized>
         <readwrite>true</readwrite>
         <run_address>0xa800</run_address>
         <size>0x40</size>
         <alignment>0x1</alignment>
         <input_file_ref idref="fl-6"/>
      </object_component>
      <object_component id="oc-fe">
         <name>.const:.string</name>
         <load_address>0xa84c</load_address>
         <readonly>true</readonly>
         <run_address>0xa84c</run_address>
         <size>0x10e</size>
         <alignment>0x2</alignment>
         <input_file_ref idref="fl-6"/>
      </object_component>
      <object_component id="oc-359">
         <name>.const:.string:_ctypes_</name>
         <load_address>0xa95a</load_address>
         <readonly>true</readonly>
         <run_address>0xa95a</run_address>
         <size>0x101</size>
         <alignment>0x1</alignment>
         <input_file_ref idref="fl-31"/>
      </object_component>
      <object_component id="oc-2b7">
         <name>.const:.string</name>
         <load_address>0xaa5c</load_address>
         <readonly>true</readonly>
         <run_address>0xaa5c</run_address>
         <size>0x9a</size>
         <alignment>0x2</alignment>
         <input_file_ref idref="fl-12"/>
      </object_component>
      <object_component id="oc-2ed">
         <name>.const:.string</name>
         <load_address>0xaaf6</load_address>
         <readonly>true</readonly>
         <run_address>0xaaf6</run_address>
         <size>0x98</size>
         <alignment>0x2</alignment>
         <input_file_ref idref="fl-e"/>
      </object_component>
      <object_component id="oc-264">
         <name>.const:.string</name>
         <load_address>0xab8e</load_address>
         <readonly>true</readonly>
         <run_address>0xab8e</run_address>
         <size>0x97</size>
         <alignment>0x2</alignment>
         <input_file_ref idref="fl-11"/>
      </object_component>
      <object_component id="oc-1fd">
         <name>.const:.string</name>
         <load_address>0xac26</load_address>
         <readonly>true</readonly>
         <run_address>0xac26</run_address>
         <size>0x62</size>
         <alignment>0x2</alignment>
         <input_file_ref idref="fl-3"/>
      </object_component>
      <object_component id="oc-2e8">
         <name>.const:.string</name>
         <load_address>0xac88</load_address>
         <readonly>true</readonly>
         <run_address>0xac88</run_address>
         <size>0x4b</size>
         <alignment>0x2</alignment>
         <input_file_ref idref="fl-10"/>
      </object_component>
      <object_component id="oc-287">
         <name>.const:kNoteChannels</name>
         <load_address>0xacd3</load_address>
         <readonly>true</readonly>
         <run_address>0xacd3</run_address>
         <size>0xc</size>
         <alignment>0x1</alignment>
         <input_file_ref idref="fl-6"/>
      </object_component>
      <object_component id="oc-18f">
         <name>.data</name>
         <load_address>0xa84a</load_address>
         <readwrite>true</readwrite>
         <run_address>0xa84a</run_address>
         <size>0x1</size>
         <alignment>0x1</alignment>
         <input_file_ref idref="fl-6"/>
      </object_component>
      <object_component id="oc-d2">
         <name>.data</name>
         <load_address>0xa840</load_address>
         <readwrite>true</readwrite>
         <run_address>0xa840</run_address>
         <size>0x6</size>
         <alignment>0x2</alignment>
         <input_file_ref idref="fl-25"/>
      </object_component>
      <object_component id="oc-d5">
         <name>.data:_lock</name>
         <load_address>0xa846</load_address>
         <readwrite>true</readwrite>
         <run_address>0xa846</run_address>
         <size>0x2</size>
         <alignment>0x2</alignment>
         <input_file_ref idref="fl-26"/>
      </object_component>
      <object_component id="oc-1c0">
         <name>.data:_unlock</name>
         <load_address>0xa848</load_address>
         <readwrite>true</readwrite>
         <run_address>0xa848</run_address>
         <size>0x2</size>
         <alignment>0x2</alignment>
         <input_file_ref idref="fl-26"/>
      </object_component>
      <object_component id="oc-35c">
         <name>.data</name>
         <load_address>0xa84b</load_address>
         <readwrite>true</readwrite>
         <run_address>0xa84b</run_address>
         <size>0x1</size>
         <alignment>0x1</alignment>
         <input_file_ref idref="fl-2d"/>
      </object_component>
      <object_component id="oc-180">
         <name>.TI.ramfunc</name>
         <load_address>0x128</load_address>
         <readonly>true</readonly>
         <executable>true</executable>
         <run_address>0x128</run_address>
         <size>0x4</size>
         <alignment>0x1</alignment>
         <input_file_ref idref="fl-12"/>
      </object_component>
      <object_component id="oc-22f">
         <name>.debug_types</name>
         <load_address>0x0</load_address>
         <run_address>0x0</run_address>
         <size>0x1831</size>
         <alignment>0x0</alignment>
         <input_file_ref idref="fl-3"/>
      </object_component>
      <object_component id="oc-112">
         <name>.debug_types</name>
         <load_address>0x1831</load_address>
         <run_address>0x1831</run_address>
         <size>0x7b2</size>
         <alignment>0x0</alignment>
         <input_file_ref idref="fl-6"/>
      </object_component>
      <object_component id="oc-2ef">
         <name>.debug_types</name>
         <load_address>0x1fe3</load_address>
         <run_address>0x1fe3</run_address>
         <size>0x2e2</size>
         <alignment>0x0</alignment>
         <input_file_ref idref="fl-e"/>
      </object_component>
      <object_component id="oc-5b">
         <name>.debug_types</name>
         <load_address>0x0</load_address>
         <run_address>0x0</run_address>
         <size>0x0</size>
         <alignment>0x0</alignment>
         <input_file_ref idref="fl-f"/>
      </object_component>
      <object_component id="oc-2ea">
         <name>.debug_types</name>
         <load_address>0x0</load_address>
         <run_address>0x0</run_address>
         <size>0x0</size>
         <alignment>0x0</alignment>
         <input_file_ref idref="fl-10"/>
      </object_component>
      <object_component id="oc-272">
         <name>.debug_types</name>
         <load_address>0x22c5</load_address>
         <run_address>0x22c5</run_address>
         <size>0x284</size>
         <alignment>0x0</alignment>
         <input_file_ref idref="fl-11"/>
      </object_component>
      <object_component id="oc-2d1">
         <name>.debug_types</name>
         <load_address>0x2549</load_address>
         <run_address>0x2549</run_address>
         <size>0xad6</size>
         <alignment>0x0</alignment>
         <input_file_ref idref="fl-12"/>
      </object_component>
      <object_component id="oc-99">
         <name>.debug_types</name>
         <load_address>0x0</load_address>
         <run_address>0x0</run_address>
         <size>0x0</size>
         <alignment>0x0</alignment>
         <input_file_ref idref="fl-20"/>
      </object_component>
      <object_component id="oc-e4">
         <name>.debug_types</name>
         <load_address>0x301f</load_address>
         <run_address>0x301f</run_address>
         <size>0x4bd</size>
         <alignment>0x0</alignment>
         <input_file_ref idref="fl-21"/>
      </object_component>
      <object_component id="oc-68">
         <name>.debug_types</name>
         <load_address>0x34dc</load_address>
         <run_address>0x34dc</run_address>
         <size>0x1bf</size>
         <alignment>0x0</alignment>
         <input_file_ref idref="fl-22"/>
      </object_component>
      <object_component id="oc-47">
         <name>.debug_types</name>
         <load_address>0x0</load_address>
         <run_address>0x0</run_address>
         <size>0x0</size>
         <alignment>0x0</alignment>
         <input_file_ref idref="fl-23"/>
      </object_component>
      <object_component id="oc-3f">
         <name>.debug_types</name>
         <load_address>0x369b</load_address>
         <run_address>0x369b</run_address>
         <size>0x191</size>
         <alignment>0x0</alignment>
         <input_file_ref idref="fl-24"/>
      </object_component>
      <object_component id="oc-d9">
         <name>.debug_types</name>
         <load_address>0x382c</load_address>
         <run_address>0x382c</run_address>
         <size>0xbf</size>
         <alignment>0x0</alignment>
         <input_file_ref idref="fl-25"/>
      </object_component>
      <object_component id="oc-120">
         <name>.debug_types</name>
         <load_address>0x38eb</load_address>
         <run_address>0x38eb</run_address>
         <size>0x2f</size>
         <alignment>0x0</alignment>
         <input_file_ref idref="fl-26"/>
      </object_component>
      <object_component id="oc-d1">
         <name>.debug_types</name>
         <load_address>0x391a</load_address>
         <run_address>0x391a</run_address>
         <size>0xb6</size>
         <alignment>0x0</alignment>
         <input_file_ref idref="fl-27"/>
      </object_component>
      <object_component id="oc-2a8">
         <name>.debug_types</name>
         <load_address>0x0</load_address>
         <run_address>0x0</run_address>
         <size>0x0</size>
         <alignment>0x0</alignment>
         <input_file_ref idref="fl-29"/>
      </object_component>
      <object_component id="oc-2aa">
         <name>.debug_types</name>
         <load_address>0x0</load_address>
         <run_address>0x0</run_address>
         <size>0x0</size>
         <alignment>0x0</alignment>
         <input_file_ref idref="fl-2a"/>
      </object_component>
      <object_component id="oc-299">
         <name>.debug_types</name>
         <load_address>0x39d0</load_address>
         <run_address>0x39d0</run_address>
         <size>0x34</size>
         <alignment>0x0</alignment>
         <input_file_ref idref="fl-2b"/>
      </object_component>
      <object_component id="oc-360">
         <name>.debug_types</name>
         <load_address>0x3a04</load_address>
         <run_address>0x3a04</run_address>
         <size>0x9c</size>
         <alignment>0x0</alignment>
         <input_file_ref idref="fl-2c"/>
      </object_component>
      <object_component id="oc-3d4">
         <name>.debug_types</name>
         <load_address>0x0</load_address>
         <run_address>0x0</run_address>
         <size>0x0</size>
         <alignment>0x0</alignment>
         <input_file_ref idref="fl-2d"/>
      </object_component>
      <object_component id="oc-63">
         <name>.debug_types</name>
         <load_address>0x3aa0</load_address>
         <run_address>0x3aa0</run_address>
         <size>0xb8</size>
         <alignment>0x0</alignment>
         <input_file_ref idref="fl-2f"/>
      </object_component>
      <object_component id="oc-125">
         <name>.debug_types</name>
         <load_address>0x0</load_address>
         <run_address>0x0</run_address>
         <size>0x0</size>
         <alignment>0x0</alignment>
         <input_file_ref idref="fl-30"/>
      </object_component>
      <object_component id="oc-3d1">
         <name>.debug_types</name>
         <load_address>0x0</load_address>
         <run_address>0x0</run_address>
         <size>0x0</size>
         <alignment>0x0</alignment>
         <input_file_ref idref="fl-31"/>
      </object_component>
      <object_component id="oc-223">
         <name>.debug_info</name>
         <load_address>0x0</load_address>
         <run_address>0x0</run_address>
         <size>0x1b8</size>
         <alignment>0x0</alignment>
         <input_file_ref idref="fl-3"/>
      </object_component>
      <object_component id="oc-20b">
         <name>.debug_info</name>
         <load_address>0x1b8</load_address>
         <run_address>0x1b8</run_address>
         <size>0x1bc</size>
         <alignment>0x0</alignment>
         <input_file_ref idref="fl-3"/>
      </object_component>
      <object_component id="oc-2dc">
         <name>.debug_info</name>
         <load_address>0x374</load_address>
         <run_address>0x374</run_address>
         <size>0x21c</size>
         <alignment>0x0</alignment>
         <input_file_ref idref="fl-3"/>
      </object_component>
      <object_component id="oc-1da">
         <name>.debug_info</name>
         <load_address>0x590</load_address>
         <run_address>0x590</run_address>
         <size>0x1f0</size>
         <alignment>0x0</alignment>
         <input_file_ref idref="fl-3"/>
      </object_component>
      <object_component id="oc-1e0">
         <name>.debug_info</name>
         <load_address>0x780</load_address>
         <run_address>0x780</run_address>
         <size>0x1f2</size>
         <alignment>0x0</alignment>
         <input_file_ref idref="fl-3"/>
      </object_component>
      <object_component id="oc-1f2">
         <name>.debug_info</name>
         <load_address>0x972</load_address>
         <run_address>0x972</run_address>
         <size>0x1f0</size>
         <alignment>0x0</alignment>
         <input_file_ref idref="fl-3"/>
      </object_component>
      <object_component id="oc-1ce">
         <name>.debug_info</name>
         <load_address>0xb62</load_address>
         <run_address>0xb62</run_address>
         <size>0x1c3</size>
         <alignment>0x0</alignment>
         <input_file_ref idref="fl-3"/>
      </object_component>
      <object_component id="oc-1ec">
         <name>.debug_info</name>
         <load_address>0xd25</load_address>
         <run_address>0xd25</run_address>
         <size>0x209</size>
         <alignment>0x0</alignment>
         <input_file_ref idref="fl-3"/>
      </object_component>
      <object_component id="oc-1e6">
         <name>.debug_info</name>
         <load_address>0xf2e</load_address>
         <run_address>0xf2e</run_address>
         <size>0x215</size>
         <alignment>0x0</alignment>
         <input_file_ref idref="fl-3"/>
      </object_component>
      <object_component id="oc-231">
         <name>.debug_info</name>
         <load_address>0x1143</load_address>
         <run_address>0x1143</run_address>
         <size>0x21f</size>
         <alignment>0x0</alignment>
         <input_file_ref idref="fl-3"/>
      </object_component>
      <object_component id="oc-12c">
         <name>.debug_info</name>
         <load_address>0x1362</load_address>
         <run_address>0x1362</run_address>
         <size>0x3ec</size>
         <alignment>0x0</alignment>
         <input_file_ref idref="fl-3"/>
      </object_component>
      <object_component id="oc-211">
         <name>.debug_info</name>
         <load_address>0x174e</load_address>
         <run_address>0x174e</run_address>
         <size>0x81c</size>
         <alignment>0x0</alignment>
         <input_file_ref idref="fl-3"/>
      </object_component>
      <object_component id="oc-132">
         <name>.debug_info</name>
         <load_address>0x1f6a</load_address>
         <run_address>0x1f6a</run_address>
         <size>0x1fa</size>
         <alignment>0x0</alignment>
         <input_file_ref idref="fl-3"/>
      </object_component>
      <object_component id="oc-1ff">
         <name>.debug_info</name>
         <load_address>0x2164</load_address>
         <run_address>0x2164</run_address>
         <size>0x1b1</size>
         <alignment>0x0</alignment>
         <input_file_ref idref="fl-3"/>
      </object_component>
      <object_component id="oc-21">
         <name>.debug_info</name>
         <load_address>0x2315</load_address>
         <run_address>0x2315</run_address>
         <size>0x1fa</size>
         <alignment>0x0</alignment>
         <input_file_ref idref="fl-5"/>
      </object_component>
      <object_component id="oc-55">
         <name>.debug_info</name>
         <load_address>0x250f</load_address>
         <run_address>0x250f</run_address>
         <size>0x1fb</size>
         <alignment>0x0</alignment>
         <input_file_ref idref="fl-5"/>
      </object_component>
      <object_component id="oc-288">
         <name>.debug_info</name>
         <load_address>0x270a</load_address>
         <run_address>0x270a</run_address>
         <size>0x15d</size>
         <alignment>0x0</alignment>
         <input_file_ref idref="fl-6"/>
      </object_component>
      <object_component id="oc-276">
         <name>.debug_info</name>
         <load_address>0x2867</load_address>
         <run_address>0x2867</run_address>
         <size>0x1ea</size>
         <alignment>0x0</alignment>
         <input_file_ref idref="fl-6"/>
      </object_component>
      <object_component id="oc-174">
         <name>.debug_info</name>
         <load_address>0x2a51</load_address>
         <run_address>0x2a51</run_address>
         <size>0x208</size>
         <alignment>0x0</alignment>
         <input_file_ref idref="fl-6"/>
      </object_component>
      <object_component id="oc-15c">
         <name>.debug_info</name>
         <load_address>0x2c59</load_address>
         <run_address>0x2c59</run_address>
         <size>0x20a</size>
         <alignment>0x0</alignment>
         <input_file_ref idref="fl-6"/>
      </object_component>
      <object_component id="oc-314">
         <name>.debug_info</name>
         <load_address>0x2e63</load_address>
         <run_address>0x2e63</run_address>
         <size>0x24c</size>
         <alignment>0x0</alignment>
         <input_file_ref idref="fl-6"/>
      </object_component>
      <object_component id="oc-308">
         <name>.debug_info</name>
         <load_address>0x30af</load_address>
         <run_address>0x30af</run_address>
         <size>0x20a</size>
         <alignment>0x0</alignment>
         <input_file_ref idref="fl-6"/>
      </object_component>
      <object_component id="oc-338">
         <name>.debug_info</name>
         <load_address>0x32b9</load_address>
         <run_address>0x32b9</run_address>
         <size>0x20a</size>
         <alignment>0x0</alignment>
         <input_file_ref idref="fl-6"/>
      </object_component>
      <object_component id="oc-30e">
         <name>.debug_info</name>
         <load_address>0x34c3</load_address>
         <run_address>0x34c3</run_address>
         <size>0x227</size>
         <alignment>0x0</alignment>
         <input_file_ref idref="fl-6"/>
      </object_component>
      <object_component id="oc-162">
         <name>.debug_info</name>
         <load_address>0x36ea</load_address>
         <run_address>0x36ea</run_address>
         <size>0x227</size>
         <alignment>0x0</alignment>
         <input_file_ref idref="fl-6"/>
      </object_component>
      <object_component id="oc-326">
         <name>.debug_info</name>
         <load_address>0x3911</load_address>
         <run_address>0x3911</run_address>
         <size>0x214</size>
         <alignment>0x0</alignment>
         <input_file_ref idref="fl-6"/>
      </object_component>
      <object_component id="oc-32c">
         <name>.debug_info</name>
         <load_address>0x3b25</load_address>
         <run_address>0x3b25</run_address>
         <size>0x212</size>
         <alignment>0x0</alignment>
         <input_file_ref idref="fl-6"/>
      </object_component>
      <object_component id="oc-320">
         <name>.debug_info</name>
         <load_address>0x3d37</load_address>
         <run_address>0x3d37</run_address>
         <size>0x21f</size>
         <alignment>0x0</alignment>
         <input_file_ref idref="fl-6"/>
      </object_component>
      <object_component id="oc-332">
         <name>.debug_info</name>
         <load_address>0x3f56</load_address>
         <run_address>0x3f56</run_address>
         <size>0x224</size>
         <alignment>0x0</alignment>
         <input_file_ref idref="fl-6"/>
      </object_component>
      <object_component id="oc-31a">
         <name>.debug_info</name>
         <load_address>0x417a</load_address>
         <run_address>0x417a</run_address>
         <size>0x22b</size>
         <alignment>0x0</alignment>
         <input_file_ref idref="fl-6"/>
      </object_component>
      <object_component id="oc-168">
         <name>.debug_info</name>
         <load_address>0x43a5</load_address>
         <run_address>0x43a5</run_address>
         <size>0x22d</size>
         <alignment>0x0</alignment>
         <input_file_ref idref="fl-6"/>
      </object_component>
      <object_component id="oc-16e">
         <name>.debug_info</name>
         <load_address>0x45d2</load_address>
         <run_address>0x45d2</run_address>
         <size>0x231</size>
         <alignment>0x0</alignment>
         <input_file_ref idref="fl-6"/>
      </object_component>
      <object_component id="oc-258">
         <name>.debug_info</name>
         <load_address>0x4803</load_address>
         <run_address>0x4803</run_address>
         <size>0x1e8</size>
         <alignment>0x0</alignment>
         <input_file_ref idref="fl-6"/>
      </object_component>
      <object_component id="oc-150">
         <name>.debug_info</name>
         <load_address>0x49eb</load_address>
         <run_address>0x49eb</run_address>
         <size>0x208</size>
         <alignment>0x0</alignment>
         <input_file_ref idref="fl-6"/>
      </object_component>
      <object_component id="oc-156">
         <name>.debug_info</name>
         <load_address>0x4bf3</load_address>
         <run_address>0x4bf3</run_address>
         <size>0x20a</size>
         <alignment>0x0</alignment>
         <input_file_ref idref="fl-6"/>
      </object_component>
      <object_component id="oc-34d">
         <name>.debug_info</name>
         <load_address>0x4dfd</load_address>
         <run_address>0x4dfd</run_address>
         <size>0x224</size>
         <alignment>0x0</alignment>
         <input_file_ref idref="fl-6"/>
      </object_component>
      <object_component id="oc-342">
         <name>.debug_info</name>
         <load_address>0x5021</load_address>
         <run_address>0x5021</run_address>
         <size>0x216</size>
         <alignment>0x0</alignment>
         <input_file_ref idref="fl-6"/>
      </object_component>
      <object_component id="oc-292">
         <name>.debug_info</name>
         <load_address>0x5237</load_address>
         <run_address>0x5237</run_address>
         <size>0x254</size>
         <alignment>0x0</alignment>
         <input_file_ref idref="fl-6"/>
      </object_component>
      <object_component id="oc-29b">
         <name>.debug_info</name>
         <load_address>0x548b</load_address>
         <run_address>0x548b</run_address>
         <size>0x20e</size>
         <alignment>0x0</alignment>
         <input_file_ref idref="fl-6"/>
      </object_component>
      <object_component id="oc-2a1">
         <name>.debug_info</name>
         <load_address>0x5699</load_address>
         <run_address>0x5699</run_address>
         <size>0x246</size>
         <alignment>0x0</alignment>
         <input_file_ref idref="fl-6"/>
      </object_component>
      <object_component id="oc-144">
         <name>.debug_info</name>
         <load_address>0x58df</load_address>
         <run_address>0x58df</run_address>
         <size>0x218</size>
         <alignment>0x0</alignment>
         <input_file_ref idref="fl-6"/>
      </object_component>
      <object_component id="oc-189">
         <name>.debug_info</name>
         <load_address>0x5af7</load_address>
         <run_address>0x5af7</run_address>
         <size>0x1c5</size>
         <alignment>0x0</alignment>
         <input_file_ref idref="fl-6"/>
      </object_component>
      <object_component id="oc-100">
         <name>.debug_info</name>
         <load_address>0x5cbc</load_address>
         <run_address>0x5cbc</run_address>
         <size>0x1bd</size>
         <alignment>0x0</alignment>
         <input_file_ref idref="fl-6"/>
      </object_component>
      <object_component id="oc-198">
         <name>.debug_info</name>
         <load_address>0x5e79</load_address>
         <run_address>0x5e79</run_address>
         <size>0x1ec</size>
         <alignment>0x0</alignment>
         <input_file_ref idref="fl-6"/>
      </object_component>
      <object_component id="oc-281">
         <name>.debug_info</name>
         <load_address>0x6065</load_address>
         <run_address>0x6065</run_address>
         <size>0x2ea</size>
         <alignment>0x0</alignment>
         <input_file_ref idref="fl-6"/>
      </object_component>
      <object_component id="oc-17b">
         <name>.debug_info</name>
         <load_address>0x634f</load_address>
         <run_address>0x634f</run_address>
         <size>0x1e4</size>
         <alignment>0x0</alignment>
         <input_file_ref idref="fl-6"/>
      </object_component>
      <object_component id="oc-28b">
         <name>.debug_info</name>
         <load_address>0x6533</load_address>
         <run_address>0x6533</run_address>
         <size>0x237</size>
         <alignment>0x0</alignment>
         <input_file_ref idref="fl-6"/>
      </object_component>
      <object_component id="oc-182">
         <name>.debug_info</name>
         <load_address>0x676a</load_address>
         <run_address>0x676a</run_address>
         <size>0x1a4</size>
         <alignment>0x0</alignment>
         <input_file_ref idref="fl-6"/>
      </object_component>
      <object_component id="oc-1b1">
         <name>.debug_info</name>
         <load_address>0x690e</load_address>
         <run_address>0x690e</run_address>
         <size>0x1b7</size>
         <alignment>0x0</alignment>
         <input_file_ref idref="fl-6"/>
      </object_component>
      <object_component id="oc-1b7">
         <name>.debug_info</name>
         <load_address>0x6ac5</load_address>
         <run_address>0x6ac5</run_address>
         <size>0x1b9</size>
         <alignment>0x0</alignment>
         <input_file_ref idref="fl-6"/>
      </object_component>
      <object_component id="oc-f9">
         <name>.debug_info</name>
         <load_address>0x6c7e</load_address>
         <run_address>0x6c7e</run_address>
         <size>0x232</size>
         <alignment>0x0</alignment>
         <input_file_ref idref="fl-6"/>
      </object_component>
[...]
         <origin>0x8000</origin>
         <length>0x800</length>
         <used_space>0x800</used_space>
         <unused_space>0x0</unused_space>
         <attributes>RWIX</attributes>
         <usage_details>
            <allocated_space>
               <start_address>0x8000</start_address>
               <size>0x800</size>
               <logical_group_ref idref="lg-42c"/>
            </allocated_space>
         </usage_details>
      </memory_area>
      <memory_area display="yes" color="green">
         <name>RAMLS1</name>
         <page_id>0x0</page_id>
         <origin>0x8800</origin>
         <length>0x800</length>
         <used_space>0x800</used_space>
         <unused_space>0x0</unused_space>
         <attributes>RWIX</attributes>
         <usage_details>
            <allocated_space>
               <start_address>0x8800</start_address>
               <size>0x800</size>
               <logical_group_ref idref="lg-42d"/>
            </allocated_space>
         </usage_details>
      </memory_area>
      <memory_area display="yes" color="green">
         <name>RAMLS2</name>
         <page_id>0x0</page_id>
         <origin>0x9000</origin>
         <length>0x800</length>
         <used_space>0x25e</used_space>
         <unused_space>0x5a2</unused_space>
         <attributes>RWIX</attributes>
         <usage_details>
            <allocated_space>
               <start_address>0x9000</start_address>
               <size>0x25e</size>
               <logical_group_ref idref="lg-42e"/>
            </allocated_space>
            <available_space>
               <start_address>0x925e</start_address>
               <size>0x5a2</size>
            </available_space>
         </usage_details>
      </memory_area>
      <memory_area display="yes" color="green">
         <name>RAMLS3</name>
         <page_id>0x0</page_id>
         <origin>0x9800</origin>
         <length>0x800</length>
         <used_space>0x0</used_space>
         <unused_space>0x800</unused_space>
         <attributes>RWIX</attributes>
         <usage_details>
         </usage_details>
      </memory_area>
      <memory_area display="yes" color="green">
         <name>RAMLS4</name>
         <page_id>0x0</page_id>
         <origin>0xa000</origin>
         <length>0x800</length>
         <used_space>0x0</used_space>
         <unused_space>0x800</unused_space>
         <attributes>RWIX</attributes>
         <usage_details>
         </usage_details>
      </memory_area>
      <memory_area display="yes" color="green">
         <name>RAMLS5</name>
         <page_id>0x0</page_id>
         <origin>0xa800</origin>
         <length>0x800</length>
         <used_space>0x4df</used_space>
         <unused_space>0x321</unused_space>
         <attributes>RWIX</attributes>
         <usage_details>
            <allocated_space>
               <start_address>0xa800</start_address>
               <size>0x40</size>
               <logical_group_ref idref="lg-8"/>
            </allocated_space>
            <allocated_space>
               <start_address>0xa840</start_address>
               <size>0xc</size>
               <logical_group_ref idref="lg-c"/>
            </allocated_space>
            <allocated_space>
               <start_address>0xa84c</start_address>
               <size>0x493</size>
               <logical_group_ref idref="lg-b"/>
            </allocated_space>
            <available_space>
               <start_address>0xacdf</start_address>
               <size>0x321</size>
            </available_space>
         </usage_details>
      </memory_area>
      <memory_area display="yes" color="green">
         <name>RAMLS6</name>
         <page_id>0x0</page_id>
         <origin>0xb000</origin>
         <length>0x800</length>
         <used_space>0x0</used_space>
         <unused_space>0x800</unused_space>
         <attributes>RWIX</attributes>
         <usage_details>
         </usage_details>
      </memory_area>
      <memory_area display="yes" color="green">
         <name>RAMLS7</name>
         <page_id>0x0</page_id>
         <origin>0xb800</origin>
         <length>0x800</length>
         <used_space>0x0</used_space>
         <unused_space>0x800</unused_space>
         <attributes>RWIX</attributes>
         <usage_details>
         </usage_details>
      </memory_area>
      <memory_area display="yes" color="green">
         <name>RAMGS0</name>
         <page_id>0x0</page_id>
         <origin>0xc000</origin>
         <length>0x2000</length>
         <used_space>0x0</used_space>
         <unused_space>0x2000</unused_space>
         <attributes>RWIX</attributes>
         <usage_details>
         </usage_details>
      </memory_area>
      <memory_area display="yes" color="green">
         <name>RAMGS1</name>
         <page_id>0x0</page_id>
         <origin>0xe000</origin>
         <length>0x2000</length>
         <used_space>0x0</used_space>
         <unused_space>0x2000</unused_space>
         <attributes>RWIX</attributes>
         <usage_details>
         </usage_details>
      </memory_area>
      <memory_area display="yes" color="green">
         <name>RAMGS2</name>
         <page_id>0x0</page_id>
         <origin>0x10000</origin>
         <length>0x2000</length>
         <used_space>0x0</used_space>
         <unused_space>0x2000</unused_space>
         <attributes>RWIX</attributes>
         <usage_details>
         </usage_details>
      </memory_area>
      <memory_area display="yes" color="green">
         <name>RAMGS3</name>
         <page_id>0x0</page_id>
         <origin>0x12000</origin>
         <length>0x2000</length>
         <used_space>0x0</used_space>
         <unused_space>0x2000</unused_space>
         <attributes>RWIX</attributes>
         <usage_details>
         </usage_details>
      </memory_area>
      <memory_area display="yes" color="green">
         <name>RAMLS8</name>
         <page_id>0x0</page_id>
         <origin>0x14000</origin>
         <length>0x2000</length>
         <used_space>0x0</used_space>
         <unused_space>0x2000</unused_space>
         <attributes>RWIX</attributes>
         <usage_details>
         </usage_details>
      </memory_area>
      <memory_area display="yes" color="green">
         <name>RAMLS9</name>
         <page_id>0x0</page_id>
         <origin>0x16000</origin>
         <length>0x2000</length>
         <used_space>0x0</used_space>
         <unused_space>0x2000</unused_space>
         <attributes>RWIX</attributes>
         <usage_details>
         </usage_details>
      </memory_area>
      <memory_area display="yes" color="green">
         <name>FLASH_BANK0</name>
         <page_id>0x0</page_id>
         <origin>0x80000</origin>
         <length>0x20000</length>
         <used_space>0x0</used_space>
         <unused_space>0x20000</unused_space>
         <attributes>RWIX</attributes>
         <usage_details>
         </usage_details>
      </memory_area>
      <memory_area display="yes" color="green">
         <name>FLASH_BANK1</name>
         <page_id>0x0</page_id>
         <origin>0xa0000</origin>
         <length>0x20000</length>
         <used_space>0x0</used_space>
         <unused_space>0x20000</unused_space>
         <attributes>RWIX</attributes>
         <usage_details>
         </usage_details>
      </memory_area>
      <memory_area display="yes" color="green">
         <name>FLASH_BANK2</name>
         <page_id>0x0</page_id>
         <origin>0xc0000</origin>
         <length>0x20000</length>
         <used_space>0x0</used_space>
         <unused_space>0x20000</unused_space>
         <attributes>RWIX</attributes>
         <usage_details>
         </usage_details>
      </memory_area>
      <memory_area display="yes" color="green">
         <name>FLASH_BANK3</name>
         <page_id>0x0</page_id>
         <origin>0xe0000</origin>
         <length>0x20000</length>
         <used_space>0x0</used_space>
         <unused_space>0x20000</unused_space>
         <attributes>RWIX</attributes>
         <usage_details>
         </usage_details>
      </memory_area>
      <memory_area display="yes" color="green">
         <name>FLASH_BANK4</name>
         <page_id>0x0</page_id>
         <origin>0x100000</origin>
         <length>0x8000</length>
         <used_space>0x0</used_space>
         <unused_space>0x8000</unused_space>
         <attributes>RWIX</attributes>
         <usage_details>
         </usage_details>
      </memory_area>
      <memory_area display="no" color="green">
         <name>RESET</name>
         <page_id>0x0</page_id>
         <origin>0x3fffc0</origin>
         <length>0x2</length>
         <used_space>0x0</used_space>
         <unused_space>0x2</unused_space>
         <attributes>RWIX</attributes>
         <usage_details>
         </usage_details>
      </memory_area>
   </placement_map>
   <cptbl_list>
      <cptbl>
         <name>__TI_cinit_table</name>
         <cprec>
            <name>.data</name>
            <load_address>0x12c</load_address>
            <load_size>0x9</load_size>
            <run_address>0xa840</run_address>
            <run_size>0xc</run_size>
            <compression>lzss</compression>
         </cprec>
         <cprec>
            <name>.bss</name>
            <load_address>0x13c</load_address>
            <load_size>0x4</load_size>
            <run_address>0xa800</run_address>
            <run_size>0x40</run_size>
            <compression>zero_init</compression>
         </cprec>
      </cptbl>
   </cptbl_list>
   <handler_table>
      <handler_table_name>__TI_handler_table</handler_table_name>
      <handler>
         <index>0x0</index>
         <name>__TI_zero_init</name>
      </handler>
      <handler>
         <index>0x1</index>
         <name>__TI_decompress_lzss</name>
      </handler>
      <handler>
         <index>0x2</index>
         <name>__TI_decompress_none</name>
      </handler>
   </handler_table>
   <symbol_table>
      <symbol id="sm-1">
         <name>__TI_CINIT_Base</name>
         <value>0x140</value>
      </symbol>
      <symbol id="sm-2">
         <name>__TI_CINIT_Limit</name>
         <value>0x148</value>
      </symbol>
      <symbol id="sm-3">
         <name>__TI_CINIT_Warm</name>
         <value>0x148</value>
      </symbol>
      <symbol id="sm-4">
         <name>__TI_Handler_Table_Base</name>
         <value>0x136</value>
      </symbol>
      <symbol id="sm-5">
         <name>__TI_Handler_Table_Limit</name>
         <value>0x13c</value>
      </symbol>
      <symbol id="sm-6">
         <name>__TI_STACK_SIZE</name>
         <value>0x200</value>
      </symbol>
      <symbol id="sm-7">
         <name>__TI_STACK_END</name>
         <value>0x600</value>
      </symbol>
      <symbol id="sm-8">
         <name>__c_args__</name>
         <value>0xffffffff</value>
      </symbol>
      <symbol id="sm-9">
         <name>__TI_pprof_out_hndl</name>
         <value>0xffffffff</value>
      </symbol>
      <symbol id="sm-a">
         <name>__TI_prof_data_start</name>
         <value>0xffffffff</value>
      </symbol>
      <symbol id="sm-b">
         <name>__TI_prof_data_size</name>
         <value>0xffffffff</value>
      </symbol>
      <symbol id="sm-a6">
         <name>Device_enableAllPeripherals</name>
         <value>0x830c</value>
         <object_component_ref idref="oc-210"/>
      </symbol>
      <symbol id="sm-a7">
         <name>Device_initGPIO</name>
         <value>0x8d84</value>
         <object_component_ref idref="oc-131"/>
      </symbol>
      <symbol id="sm-a8">
         <name>Device_init</name>
         <value>0x84b6</value>
         <object_component_ref idref="oc-12b"/>
      </symbol>
      <symbol id="sm-a9">
         <name>__error__</name>
         <value>0x9251</value>
         <object_component_ref idref="oc-1fe"/>
      </symbol>
      <symbol id="sm-b9">
         <name>code_start</name>
         <value>0x0</value>
         <object_component_ref idref="oc-20"/>
      </symbol>
      <symbol id="sm-258">
         <name>main</name>
         <value>0x8d31</value>
         <object_component_ref idref="oc-ca"/>
      </symbol>
      <symbol id="sm-2aa">
         <name>GPIO_setQualificationMode</name>
         <value>0x8ac1</value>
         <object_component_ref idref="oc-250"/>
      </symbol>
      <symbol id="sm-2ab">
         <name>GPIO_setPadConfig</name>
         <value>0x86da</value>
         <object_component_ref idref="oc-24a"/>
      </symbol>
      <symbol id="sm-2ac">
         <name>GPIO_setAnalogMode</name>
         <value>0x8221</value>
         <object_component_ref idref="oc-228"/>
      </symbol>
      <symbol id="sm-2ad">
         <name>GPIO_setDirectionMode</name>
         <value>0x87ce</value>
         <object_component_ref idref="oc-244"/>
      </symbol>
      <symbol id="sm-2ae">
         <name>GPIO_setPinConfig</name>
         <value>0x8a8a</value>
         <object_component_ref idref="oc-23e"/>
      </symbol>
      <symbol id="sm-2e8">
         <name>Interrupt_defaultHandler</name>
         <value>0x8f6e</value>
         <object_component_ref idref="oc-25"/>
      </symbol>
      <symbol id="sm-2e9">
         <name>Interrupt_initModule</name>
         <value>0x8a14</value>
         <object_component_ref idref="oc-137"/>
      </symbol>
      <symbol id="sm-2ea">
         <name>Interrupt_nmiHandler</name>
         <value>0x920d</value>
         <object_component_ref idref="oc-37"/>
      </symbol>
      <symbol id="sm-2eb">
         <name>Interrupt_initVectorTable</name>
         <value>0x8d13</value>
         <object_component_ref idref="oc-26"/>
      </symbol>
      <symbol id="sm-2ec">
         <name>Interrupt_illegalOperationHandler</name>
         <value>0x9203</value>
         <object_component_ref idref="oc-31"/>
      </symbol>
      <symbol id="sm-31e">
         <name>PGA_setOffsetTrimNMOS</name>
         <value>0x8916</value>
         <object_component_ref idref="oc-216"/>
      </symbol>
      <symbol id="sm-31f">
         <name>PGA_setOffsetTrimPMOS</name>
         <value>0x88d2</value>
         <object_component_ref idref="oc-21c"/>
      </symbol>
      <symbol id="sm-34e">
         <name>SCI_setConfig</name>
         <value>0x89d6</value>
         <object_component_ref idref="oc-149"/>
      </symbol>
      <symbol id="sm-45f">
         <name>SysCtl_isPLLValid</name>
         <value>0x8123</value>
         <object_component_ref idref="oc-2ca"/>
      </symbol>
      <symbol id="sm-460">
         <name>SysCtl_delay</name>
         <value>0x128</value>
         <object_component_ref idref="oc-180"/>
      </symbol>
      <symbol id="sm-461">
         <name>SysCtl_selectXTALSingleEnded</name>
         <value>0x8c2d</value>
         <object_component_ref idref="oc-368"/>
      </symbol>
      <symbol id="sm-462">
         <name>SysCtl_selectXTAL</name>
         <value>0x8847</value>
         <object_component_ref idref="oc-362"/>
      </symbol>
      <symbol id="sm-463">
         <name>SysCtl_selectOscSource</name>
         <value>0x8800</value>
         <object_component_ref idref="oc-2be"/>
      </symbol>
      <symbol id="sm-464">
         <name>SysCtl_getLowSpeedClock</name>
         <value>0x8e3a</value>
         <object_component_ref idref="oc-204"/>
      </symbol>
      <symbol id="sm-465">
         <name>SysCtl_setClock</name>
         <value>0x8000</value>
         <object_component_ref idref="oc-1d3"/>
      </symbol>
      <symbol id="sm-466">
         <name>SysCtl_getClock</name>
         <value>0x8675</value>
         <object_component_ref idref="oc-1f7"/>
      </symbol>
      <symbol id="sm-470">
         <name>_c_int00</name>
         <value>0x8f41</value>
         <object_component_ref idref="oc-70"/>
      </symbol>
      <symbol id="sm-471">
         <name>__stack</name>
         <value>0x400</value>
         <object_component_ref idref="oc-3d"/>
      </symbol>
      <symbol id="sm-47e">
         <name>__c28xabi_divf</name>
         <value>0x857a</value>
         <object_component_ref idref="oc-370"/>
      </symbol>
      <symbol id="sm-48b">
         <name>_system_pre_init</name>
         <value>0x925c</value>
         <object_component_ref idref="oc-81"/>
      </symbol>
      <symbol id="sm-49a">
         <name>__TI_auto_init_nobinit_nopinit</name>
         <value>0x8bb0</value>
         <object_component_ref idref="oc-9a"/>
      </symbol>
      <symbol id="sm-4a9">
         <name>__TI_zero_init_nomemset</name>
         <value>0x91b0</value>
         <object_component_ref idref="oc-48"/>
      </symbol>
      <symbol id="sm-4b6">
         <name>__TI_decompress_none</name>
         <value>0x9233</value>
         <object_component_ref idref="oc-19"/>
      </symbol>
      <symbol id="sm-4ca">
         <name>__TI_decompress_lzss</name>
         <value>0x8b28</value>
         <object_component_ref idref="oc-13"/>
      </symbol>
      <symbol id="sm-4e0">
         <name>C$$EXIT</name>
         <value>0x8c04</value>
         <object_component_ref idref="oc-8e"/>
      </symbol>
      <symbol id="sm-4e1">
         <name>abort</name>
         <value>0x8c04</value>
         <object_component_ref idref="oc-8e"/>
      </symbol>
      <symbol id="sm-4e2">
         <name>exit</name>
         <value>0x8c06</value>
         <object_component_ref idref="oc-8e"/>
      </symbol>
      <symbol id="sm-4e3">
         <name>__TI_dtors_ptr</name>
         <value>0xa844</value>
         <object_component_ref idref="oc-d2"/>
      </symbol>
      <symbol id="sm-4e4">
         <name>__TI_cleanup_ptr</name>
         <value>0xa842</value>
         <object_component_ref idref="oc-d2"/>
      </symbol>
      <symbol id="sm-4e5">
         <name>__TI_enable_exit_profile_output</name>
         <value>0xa840</value>
         <object_component_ref idref="oc-d2"/>
      </symbol>
      <symbol id="sm-4fc">
         <name>_nop</name>
         <value>0x9229</value>
         <object_component_ref idref="oc-118"/>
      </symbol>
      <symbol id="sm-4fd">
         <name>_lock</name>
         <value>0xa846</value>
         <object_component_ref idref="oc-d5"/>
      </symbol>
      <symbol id="sm-4fe">
         <name>_unlock</name>
         <value>0xa848</value>
         <object_component_ref idref="oc-1c0"/>
      </symbol>
      <symbol id="sm-4ff">
         <name>_register_lock</name>
         <value>0x9225</value>
         <object_component_ref idref="oc-118"/>
      </symbol>
      <symbol id="sm-500">
         <name>_register_unlock</name>
         <value>0x9221</value>
         <object_component_ref idref="oc-118"/>
      </symbol>
      <symbol id="sm-50f">
         <name>_args_main</name>
         <value>0x9174</value>
         <object_component_ref idref="oc-88"/>
      </symbol>
      <symbol id="sm-51f">
         <name>strcmp</name>
         <value>0x9217</value>
         <object_component_ref idref="oc-19e"/>
      </symbol>
      <symbol id="sm-52f">
         <name>strncmp</name>
         <value>0x8fb0</value>
         <object_component_ref idref="oc-1a4"/>
      </symbol>
      <symbol id="sm-540">
         <name>strncpy</name>
         <value>0x903f</value>
         <object_component_ref idref="oc-191"/>
      </symbol>
      <symbol id="sm-566">
         <name>strtol</name>
         <value>0x83e3</value>
         <object_component_ref idref="oc-2ab"/>
      </symbol>
      <symbol id="sm-571">
         <name>errno</name>
         <value>0xa84b</value>
         <object_component_ref idref="oc-35c"/>
      </symbol>
      <symbol id="sm-584">
         <name>memcpy</name>
         <value>0x8c99</value>
         <object_component_ref idref="oc-40"/>
      </symbol>
      <symbol id="sm-591">
         <name>_system_post_cinit</name>
         <value>0x87ff</value>
         <object_component_ref idref="oc-dd"/>
      </symbol>
      <symbol id="sm-59c">
         <name>_ctypes_</name>
         <value>0xa95a</value>
         <object_component_ref idref="oc-359"/>
      </symbol>
   </symbol_table>
   <title>Link successful</title>
</link_info>
