******************************************************************************
             TMS320C2000 Linker Unix v25.11.0                  
******************************************************************************
>> Linked Fri Apr  3 14:42:48 2026

OUTPUT FILE NAME:   <SolenoidController.out>
ENTRY POINT SYMBOL: "code_start"  address: 00000000


MEMORY CONFIGURATION

         name            origin    length      used     unused   attr    fill
----------------------  --------  ---------  --------  --------  ----  --------
  BEGIN                 00000000   00000002  00000002  00000000  RWIX
  BOOT_RSVD             00000002   00000126  00000000  00000126  RWIX
  RAMM0                 00000128   000002d8  00000020  000002b8  RWIX
  RAMM1                 00000400   00000400  00000200  00000200  RWIX
  CLATOCPURAM           00001480   00000080  00000000  00000080  RWIX
  CPUTOCLARAM           00001500   00000080  00000000  00000080  RWIX
  CLATODMARAM           00001680   00000080  00000000  00000080  RWIX
  DMATOCLARAM           00001700   00000080  00000000  00000080  RWIX
  RAMLS0                00008000   00000800  00000800  00000000  RWIX
  RAMLS1                00008800   00000800  00000800  00000000  RWIX
  RAMLS2                00009000   00000800  0000025e  000005a2  RWIX
  RAMLS3                00009800   00000800  00000000  00000800  RWIX
  RAMLS4                0000a000   00000800  00000000  00000800  RWIX
  RAMLS5                0000a800   00000800  000004df  00000321  RWIX
  RAMLS6                0000b000   00000800  00000000  00000800  RWIX
  RAMLS7                0000b800   00000800  00000000  00000800  RWIX
  RAMGS0                0000c000   00002000  00000000  00002000  RWIX
  RAMGS1                0000e000   00002000  00000000  00002000  RWIX
  RAMGS2                00010000   00002000  00000000  00002000  RWIX
  RAMGS3                00012000   00002000  00000000  00002000  RWIX
  RAMLS8                00014000   00002000  00000000  00002000  RWIX
  RAMLS9                00016000   00002000  00000000  00002000  RWIX
  FLASH_BANK0           00080000   00020000  00000000  00020000  RWIX
  FLASH_BANK1           000a0000   00020000  00000000  00020000  RWIX
  FLASH_BANK2           000c0000   00020000  00000000  00020000  RWIX
  FLASH_BANK3           000e0000   00020000  00000000  00020000  RWIX
  FLASH_BANK4           00100000   00008000  00000000  00008000  RWIX
  RESET                 003fffc0   00000002  00000000  00000002  RWIX


SECTION ALLOCATION MAP

 output                                  attributes/
section   page    origin      length       input sections
--------  ----  ----------  ----------   ----------------
codestart 
*          0    00000000    00000002     
                  00000000    00000002     f28p55x_codestartbranch.obj (codestart)

.cinit     0    0000012c    0000001c     
                  0000012c    00000009     (.cinit..data.load) [load image, compression = lzss]
                  00000135    00000001     --HOLE-- [fill = 0]
                  00000136    00000006     (__TI_handler_table)
                  0000013c    00000004     (.cinit..bss.load) [load image, compression = zero_init]
                  00000140    00000008     (__TI_cinit_table)

.reset     0    003fffc0    00000000     DSECT

.stack     0    00000400    00000200     UNINITIALIZED
                  00000400    00000200     --HOLE--

.bss       0    0000a800    00000040     UNINITIALIZED
                  0000a800    00000040     c2000_solenoid_controller.obj (.bss:rxBuf$1)

.init_array 
*          0    00000128    00000000     UNINITIALIZED

.data      0    0000a840    0000000c     UNINITIALIZED
                  0000a840    00000006     rts2800_fpu32_eabi.lib : exit.c.obj (.data)
                  0000a846    00000002                            : _lock.c.obj (.data:_lock)
                  0000a848    00000002                            : _lock.c.obj (.data:_unlock)
                  0000a84a    00000001     c2000_solenoid_controller.obj (.data)
                  0000a84b    00000001     rts2800_fpu32_eabi.lib : errno.c.obj (.data)

.const     0    0000a84c    00000493     
                  0000a84c    0000010e     c2000_solenoid_controller.obj (.const:.string)
                  0000a95a    00000101     rts2800_fpu32_eabi.lib : ctype.c.obj (.const:.string:_ctypes_)
                  0000aa5b    00000001     --HOLE-- [fill = 0]
                  0000aa5c    0000009a     driverlib.lib : sysctl.obj (.const:.string)
                  0000aaf6    00000098                   : gpio.obj (.const:.string)
                  0000ab8e    00000097                   : sci.obj (.const:.string)
                  0000ac25    00000001     --HOLE-- [fill = 0]
                  0000ac26    00000062     device.obj (.const:.string)
                  0000ac88    0000004b     driverlib.lib : pga.obj (.const:.string)
                  0000acd3    0000000c     c2000_solenoid_controller.obj (.const:kNoteChannels)

.TI.ramfunc 
*          0    00000128    00000004     
                  00000128    00000004     driverlib.lib : sysctl.obj (.TI.ramfunc)

.text.1    0    00008000    00000800     
                  00008000    00000123     driverlib.lib : sysctl.obj (.text:SysCtl_setClock)
                  00008123    000000fe                   : sysctl.obj (.text:SysCtl_isPLLValid)
                  00008221    000000eb                   : gpio.obj (.text:GPIO_setAnalogMode)
                  0000830c    000000d7     device.obj (.text:Device_enableAllPeripherals)
                  000083e3    000000d3     rts2800_fpu32_eabi.lib : strtol.c.obj (.text)
                  000084b6    000000c4     device.obj (.text:Device_init)
                  0000857a    00000088     rts2800_fpu32_eabi.lib : fs_div28.asm.obj (.text)
                  00008602    00000073     driverlib.lib : sysctl.obj (.text:DCC_setCounterSeeds)
                  00008675    00000065                   : sysctl.obj (.text:SysCtl_getClock)
                  000086da    00000052                   : gpio.obj (.text:GPIO_setPadConfig)
                  0000872c    00000052     c2000_solenoid_controller.obj (.text:configurePinMux)
                  0000877e    00000050     c2000_solenoid_controller.obj (.text:i2cWriteBytes)
                  000087ce    00000031     driverlib.lib : gpio.obj (.text:GPIO_setDirectionMode)
                  000087ff    00000001     rts2800_fpu32_eabi.lib : startup.c.obj (.text)

.text.2    0    00008800    00000800     
                  00008800    00000047     driverlib.lib : sysctl.obj (.text:SysCtl_selectOscSource)
                  00008847    00000046                   : sysctl.obj (.text:SysCtl_selectXTAL)
                  0000888d    00000045     c2000_solenoid_controller.obj (.text:executeCommand)
                  000088d2    00000044     driverlib.lib : pga.obj (.text:PGA_setOffsetTrimPMOS)
                  00008916    00000041                   : pga.obj (.text:PGA_setOffsetTrimNMOS)
                  00008957    00000040                   : sysctl.obj (.text:SysCtl_pollX1Counter)
                  00008997    0000003f     c2000_solenoid_controller.obj (.text:initPeripherals)
                  000089d6    0000003e     driverlib.lib : sci.obj (.text:SCI_setConfig)
                  00008a14    0000003d                   : interrupt.obj (.text:Interrupt_initModule)
                  00008a51    00000039     c2000_solenoid_controller.obj (.text:readLine)
                  00008a8a    00000037     driverlib.lib : gpio.obj (.text:GPIO_setPinConfig)
                  00008ac1    00000037                   : gpio.obj (.text:GPIO_setQualificationMode)
                  00008af8    00000030     c2000_solenoid_controller.obj (.text:parseChannelArg)
                  00008b28    0000002e     rts2800_fpu32_eabi.lib : copy_decompress_lzss.c.obj (.text:decompress:lzss)
                  00008b56    0000002e     c2000_solenoid_controller.obj (.text:pcaInit)
                  00008b84    0000002c     driverlib.lib : gpio.obj (.text:GPIO_isPinValid)
                  00008bb0    0000002b     rts2800_fpu32_eabi.lib : autoinit.c.obj (.text:__TI_auto_init_nobinit_nopinit)
                  00008bdb    00000029     device.obj (.text:SysCtl_setMCANClk)
                  00008c04    00000029     rts2800_fpu32_eabi.lib : exit.c.obj (.text)
                  00008c2d    00000025     driverlib.lib : sysctl.obj (.text:SysCtl_selectXTALSingleEnded)
                  00008c52    00000024                   : sysctl.obj (.text:DCC_enableSingleShotMode)
                  00008c76    00000023     c2000_solenoid_controller.obj (.text:pcaSetPWM)
                  00008c99    00000020     rts2800_fpu32_eabi.lib : memcpy.c.obj (.text)
                  00008cb9    0000001e     driverlib.lib : sysctl.obj (.text:DCC_setCounter0ClkSource)
                  00008cd7    0000001e                   : sysctl.obj (.text:DCC_setCounter1ClkSource)
                  00008cf5    0000001e     c2000_solenoid_controller.obj (.text:I2C_isBusBusy)
                  00008d13    0000001e     driverlib.lib : interrupt.obj (.text:Interrupt_initVectorTable)
                  00008d31    0000001d     c2000_solenoid_controller.obj (.text:main)
                  00008d4e    0000001b     c2000_solenoid_controller.obj (.text:I2C_setTargetAddress)
                  00008d69    0000001b     device.obj (.text:SysCtl_setCLBClkDivider)
                  00008d84    0000001a     device.obj (.text:Device_initGPIO)
                  00008d9e    0000001a     c2000_solenoid_controller.obj (.text:I2C_getStopConditionStatus)
                  00008db8    0000001a     c2000_solenoid_controller.obj (.text:I2C_setAddressMode)
                  00008dd2    0000001a     c2000_solenoid_controller.obj (.text:I2C_setBitCount)
                  00008dec    0000001a     c2000_solenoid_controller.obj (.text:I2C_setConfig)
                  00008e06    0000001a     c2000_solenoid_controller.obj (.text:I2C_setEmulationMode)
                  00008e20    0000001a     c2000_solenoid_controller.obj (.text:SCI_isDataAvailableNonFIFO)
                  00008e3a    0000001a     driverlib.lib : sysctl.obj (.text:SysCtl_getLowSpeedClock)
                  00008e54    00000019     c2000_solenoid_controller.obj (.text:SCI_writeCharBlockingFIFO)
                  00008e6d    00000019     driverlib.lib : sysctl.obj (.text:SysCtl_setPLLSysClk)
                  00008e86    00000018                   : sci.obj (.text:SCI_disableModule)
                  00008e9e    00000018     c2000_solenoid_controller.obj (.text:SCI_performSoftwareReset)
                  00008eb6    00000018     c2000_solenoid_controller.obj (.text:SCI_resetChannels)
                  00008ece    00000017     driverlib.lib : pga.obj (.text:PGA_isBaseValid)
                  00008ee5    00000017     c2000_solenoid_controller.obj (.text:SCI_isBaseValid)
                  00008efc    00000017     driverlib.lib : sci.obj (.text:SCI_isBaseValid)
                  00008f13    00000017     device.obj (.text:SysCtl_enablePeripheral)
                  00008f2a    00000017     driverlib.lib : sysctl.obj (.text:SysCtl_enablePeripheral)
                  00008f41    00000017     rts2800_fpu32_eabi.lib : boot28.asm.obj (.text)
                  00008f58    00000016     driverlib.lib : sysctl.obj (.text:DCC_disableDoneSignal)
                  00008f6e    00000016                   : interrupt.obj (.text:Interrupt_defaultHandler)
                  00008f84    00000016     c2000_solenoid_controller.obj (.text:SCI_readCharBlockingNonFIFO)
                  00008f9a    00000016     device.obj (.text:SysCtl_setLINAClockDivider)
                  00008fb0    00000016     rts2800_fpu32_eabi.lib : strncmp.c.obj (.text)
                  00008fc6    00000015     driverlib.lib : sysctl.obj (.text:DCC_clearDoneFlag)
                  00008fdb    00000015                   : sysctl.obj (.text:DCC_clearErrorFlag)
                  00008ff0    00000010     c2000_solenoid_controller.obj (.text:I2C_getStatus)

.text.3    0    00009000    0000025e     
                  00009000    00000015     driverlib.lib : sysctl.obj (.text:DCC_disableErrorSignal)
                  00009015    00000015                   : sysctl.obj (.text:DCC_isBaseValid)
                  0000902a    00000015     device.obj (.text:GPIO_unlockPortConfig)
                  0000903f    00000015     rts2800_fpu32_eabi.lib : strncpy.c.obj (.text)
                  00009054    00000014     driverlib.lib : sysctl.obj (.text:DCC_disableModule)
                  00009068    00000014                   : sysctl.obj (.text:DCC_enableModule)
                  0000907c    00000014     c2000_solenoid_controller.obj (.text:I2C_putData)
                  00009090    00000014     c2000_solenoid_controller.obj (.text:SCI_getTxFIFOStatus)
                  000090a4    00000013     c2000_solenoid_controller.obj (.text:I2C_disableModule)
                  000090b7    00000013     c2000_solenoid_controller.obj (.text:I2C_enableModule)
                  000090ca    00000013     c2000_solenoid_controller.obj (.text:I2C_isBaseValid)
                  000090dd    00000013     c2000_solenoid_controller.obj (.text:I2C_sendStartCondition)
                  000090f0    00000013     c2000_solenoid_controller.obj (.text:I2C_sendStopCondition)
                  00009103    00000013     c2000_solenoid_controller.obj (.text:SCI_enableModule)
                  00009116    00000013     driverlib.lib : sci.obj (.text:SCI_enableModule)
                  00009129    00000013     device.obj (.text:SysCtl_setNPUClockDivider)
                  0000913c    00000013     c2000_solenoid_controller.obj (.text:allNotesOff)
                  0000914f    00000013     c2000_solenoid_controller.obj (.text:uartTryReadChar)
                  00009162    00000012     c2000_solenoid_controller.obj (.text:I2C_setDataCount)
                  00009174    00000012     rts2800_fpu32_eabi.lib : args_main.c.obj (.text)
                  00009186    00000010     c2000_solenoid_controller.obj (.text:SCI_getRxStatus)
                  00009196    0000000d     driverlib.lib : interrupt.obj (.text:Interrupt_disableGlobal)
                  000091a3    0000000d     device.obj (.text:SysCtl_setLowSpeedClock)
                  000091b0    0000000d     rts2800_fpu32_eabi.lib : copy_zero_init.c.obj (.text:decompress:ZI:__TI_zero_init_nomemset)
                  000091bd    0000000d     c2000_solenoid_controller.obj (.text:noteOn)
                  000091ca    0000000c     c2000_solenoid_controller.obj (.text:noteOff)
                  000091d6    0000000c     c2000_solenoid_controller.obj (.text:uartWriteString)
                  000091e2    0000000b     device.obj (.text:SysCtl_disableWatchdog)
                  000091ed    0000000b     driverlib.lib : sysctl.obj (.text:SysCtl_isMCDClockFailureDetected)
                  000091f8    0000000b     c2000_solenoid_controller.obj (.text:pcaWriteReg)
                  00009203    0000000a     driverlib.lib : interrupt.obj (.text:Interrupt_illegalOperationHandler)
                  0000920d    0000000a                   : interrupt.obj (.text:Interrupt_nmiHandler)
                  00009217    0000000a     rts2800_fpu32_eabi.lib : strcmp.c.obj (.text)
                  00009221    00000009                            : _lock.c.obj (.text)
                  0000922a    00000009     c2000_solenoid_controller.obj (.text:uartWriteChar)
                  00009233    00000008     rts2800_fpu32_eabi.lib : copy_decompress_none.c.obj (.text:decompress:none)
                  0000923b    00000008     f28p55x_codestartbranch.obj (.text)
                  00009243    00000007     device.obj (.text:ASysCtl_lockVREG)
                  0000924a    00000007     driverlib.lib : sysctl.obj (.text:SysCtl_resetMCD)
                  00009251    00000007     device.obj (.text:__error__)
                  00009258    00000004     device.obj (.text:SysCtl_deviceCal)
                  0000925c    00000002     rts2800_fpu32_eabi.lib : pre_init.c.obj (.text)

MODULE SUMMARY

       Module                          code   ro data   rw data
       ------                          ----   -------   -------
    ./
       c2000_solenoid_controller.obj   1139   282       65     
       f28p55x_codestartbranch.obj     10     0         0      
    +--+-------------------------------+------+---------+---------+
       Total:                          1149   282       65     
                                                               
    ./syscfg/
       device.obj                      632    98        0      
    +--+-------------------------------+------+---------+---------+
       Total:                          632    98        0      
                                                               
    /Applications/ti/c2000/C2000Ware_26_00_00_00/driverlib/f28p55x/driverlib/ccs/Debug/driverlib.lib
       sysctl.obj                      1341   154       0      
       gpio.obj                        520    152       0      
       sci.obj                         128    151       0      
       pga.obj                         156    75        0      
       interrupt.obj                   146    0         0      
    +--+-------------------------------+------+---------+---------+
       Total:                          2291   532       0      
                                                               
    /Applications/ti/ccs2050/ccs/tools/compiler/ti-cgt-c2000_25.11.0.LTS/lib/rts2800_fpu32_eabi.lib
       ctype.c.obj                     0      257       0      
       strtol.c.obj                    211    0         0      
       fs_div28.asm.obj                136    0         0      
       exit.c.obj                      41     0         6      
       copy_decompress_lzss.c.obj      46     0         0      
       autoinit.c.obj                  43     0         0      
       memcpy.c.obj                    32     0         0      
       boot28.asm.obj                  23     0         0      
       strncmp.c.obj                   22     0         0      
       strncpy.c.obj                   21     0         0      
       args_main.c.obj                 18     0         0      
       _lock.c.obj                     9      0         4      
       copy_zero_init.c.obj            13     0         0      
       strcmp.c.obj                    10     0         0      
       copy_decompress_none.c.obj      8      0         0      
       pre_init.c.obj                  2      0         0      
       errno.c.obj                     0      0         1      
       startup.c.obj                   1      0         0      
    +--+-------------------------------+------+---------+---------+
       Total:                          636    257       11     
                                                               
       Stack:                          0      0         512    
       Linker Generated:               0      27        0      
    +--+-------------------------------+------+---------+---------+
       Grand Total:                    4708   1196      588    


LINKER GENERATED COPY TABLES

__TI_cinit_table @ 00000140 records: 2, size/record: 4, table size: 8
	.data: load addr=0000012c, load size=00000009 bytes, run addr=0000a840, run size=0000000c bytes, compression=lzss
	.bss: load addr=0000013c, load size=00000004 bytes, run addr=0000a800, run size=00000040 bytes, compression=zero_init


LINKER GENERATED HANDLER TABLE

__TI_handler_table @ 00000136 records: 3, size/record: 2, table size: 6
	index: 0, handler: __TI_zero_init
	index: 1, handler: __TI_decompress_lzss
	index: 2, handler: __TI_decompress_none


GLOBAL DATA SYMBOLS: SORTED BY DATA PAGE

address     data page           name
--------    ----------------    ----
00000400      10 (00000400)     __stack

0000a840     2a1 (0000a840)     __TI_enable_exit_profile_output
0000a842     2a1 (0000a840)     __TI_cleanup_ptr
0000a844     2a1 (0000a840)     __TI_dtors_ptr
0000a846     2a1 (0000a840)     _lock
0000a848     2a1 (0000a840)     _unlock
0000a84b     2a1 (0000a840)     errno

0000a95a     2a5 (0000a940)     _ctypes_


GLOBAL SYMBOLS: SORTED ALPHABETICALLY BY Name 

page  address   name                             
----  -------   ----                             
0     00008c04  C$$EXIT                          
0     0000830c  Device_enableAllPeripherals      
0     000084b6  Device_init                      
0     00008d84  Device_initGPIO                  
0     00008221  GPIO_setAnalogMode               
0     000087ce  GPIO_setDirectionMode            
0     000086da  GPIO_setPadConfig                
0     00008a8a  GPIO_setPinConfig                
0     00008ac1  GPIO_setQualificationMode        
0     00008f6e  Interrupt_defaultHandler         
0     00009203  Interrupt_illegalOperationHandler
0     00008a14  Interrupt_initModule             
0     00008d13  Interrupt_initVectorTable        
0     0000920d  Interrupt_nmiHandler             
0     00008916  PGA_setOffsetTrimNMOS            
0     000088d2  PGA_setOffsetTrimPMOS            
0     000089d6  SCI_setConfig                    
0     00000128  SysCtl_delay                     
0     00008675  SysCtl_getClock                  
0     00008e3a  SysCtl_getLowSpeedClock          
0     00008123  SysCtl_isPLLValid                
0     00008800  SysCtl_selectOscSource           
0     00008847  SysCtl_selectXTAL                
0     00008c2d  SysCtl_selectXTALSingleEnded     
0     00008000  SysCtl_setClock                  
0     00000140  __TI_CINIT_Base                  
0     00000148  __TI_CINIT_Limit                 
0     00000148  __TI_CINIT_Warm                  
0     00000136  __TI_Handler_Table_Base          
0     0000013c  __TI_Handler_Table_Limit         
0     00000600  __TI_STACK_END                   
abs   00000200  __TI_STACK_SIZE                  
0     00008bb0  __TI_auto_init_nobinit_nopinit   
0     0000a842  __TI_cleanup_ptr                 
0     00008b28  __TI_decompress_lzss             
0     00009233  __TI_decompress_none             
0     0000a844  __TI_dtors_ptr                   
0     0000a840  __TI_enable_exit_profile_output  
abs   ffffffff  __TI_pprof_out_hndl              
abs   ffffffff  __TI_prof_data_size              
abs   ffffffff  __TI_prof_data_start             
0     000091b0  __TI_zero_init_nomemset          
0     0000857a  __c28xabi_divf                   
abs   ffffffff  __c_args__                       
0     00009251  __error__                        
0     00000400  __stack                          
0     00009174  _args_main                       
0     00008f41  _c_int00                         
0     0000a95a  _ctypes_                         
0     0000a846  _lock                            
0     00009229  _nop                             
0     00009225  _register_lock                   
0     00009221  _register_unlock                 
0     000087ff  _system_post_cinit               
0     0000925c  _system_pre_init                 
0     0000a848  _unlock                          
0     00008c04  abort                            
0     00000000  code_start                       
0     0000a84b  errno                            
0     00008c06  exit                             
0     00008d31  main                             
0     00008c99  memcpy                           
0     00009217  strcmp                           
0     00008fb0  strncmp                          
0     0000903f  strncpy                          
0     000083e3  strtol                           


GLOBAL SYMBOLS: SORTED BY Symbol Address 

page  address   name                             
----  -------   ----                             
0     00000000  code_start                       
0     00000128  SysCtl_delay                     
0     00000136  __TI_Handler_Table_Base          
0     0000013c  __TI_Handler_Table_Limit         
0     00000140  __TI_CINIT_Base                  
0     00000148  __TI_CINIT_Limit                 
0     00000148  __TI_CINIT_Warm                  
0     00000400  __stack                          
0     00000600  __TI_STACK_END                   
0     00008000  SysCtl_setClock                  
0     00008123  SysCtl_isPLLValid                
0     00008221  GPIO_setAnalogMode               
0     0000830c  Device_enableAllPeripherals      
0     000083e3  strtol                           
0     000084b6  Device_init                      
0     0000857a  __c28xabi_divf                   
0     00008675  SysCtl_getClock                  
0     000086da  GPIO_setPadConfig                
0     000087ce  GPIO_setDirectionMode            
0     000087ff  _system_post_cinit               
0     00008800  SysCtl_selectOscSource           
0     00008847  SysCtl_selectXTAL                
0     000088d2  PGA_setOffsetTrimPMOS            
0     00008916  PGA_setOffsetTrimNMOS            
0     000089d6  SCI_setConfig                    
0     00008a14  Interrupt_initModule             
0     00008a8a  GPIO_setPinConfig                
0     00008ac1  GPIO_setQualificationMode        
0     00008b28  __TI_decompress_lzss             
0     00008bb0  __TI_auto_init_nobinit_nopinit   
0     00008c04  C$$EXIT                          
0     00008c04  abort                            
0     00008c06  exit                             
0     00008c2d  SysCtl_selectXTALSingleEnded     
0     00008c99  memcpy                           
0     00008d13  Interrupt_initVectorTable        
0     00008d31  main                             
0     00008d84  Device_initGPIO                  
0     00008e3a  SysCtl_getLowSpeedClock          
0     00008f41  _c_int00                         
0     00008f6e  Interrupt_defaultHandler         
0     00008fb0  strncmp                          
0     0000903f  strncpy                          
0     00009174  _args_main                       
0     000091b0  __TI_zero_init_nomemset          
0     00009203  Interrupt_illegalOperationHandler
0     0000920d  Interrupt_nmiHandler             
0     00009217  strcmp                           
0     00009221  _register_unlock                 
0     00009225  _register_lock                   
0     00009229  _nop                             
0     00009233  __TI_decompress_none             
0     00009251  __error__                        
0     0000925c  _system_pre_init                 
0     0000a840  __TI_enable_exit_profile_output  
0     0000a842  __TI_cleanup_ptr                 
0     0000a844  __TI_dtors_ptr                   
0     0000a846  _lock                            
0     0000a848  _unlock                          
0     0000a84b  errno                            
0     0000a95a  _ctypes_                         
abs   00000200  __TI_STACK_SIZE                  
abs   ffffffff  __TI_pprof_out_hndl              
abs   ffffffff  __TI_prof_data_size              
abs   ffffffff  __TI_prof_data_start             
abs   ffffffff  __c_args__                       

[66 symbols]
